Microchip MPLAB XC8 Compiler V2.45

Linker command line:

-W-3 \
  --edf=C:\Program Files\Microchip\xc8\v2.45\pic\dat\20230818022343_en.msgs \
  -cn -h+dist/default/debug\Embedded_Applications.X.debug.sym \
  --cmf=dist/default/debug\Embedded_Applications.X.debug.cmf -z -Q18F4620 \
  -oC:\Users\ahmed\AppData\Local\Temp\xcAsbs4.\driver_tmp_3.o \
  --defsym=__MPLAB_BUILD=1 --fixupoverflow=error \
  -Mdist/default/debug/Embedded_Applications.X.debug.map \
  --md=C:\Users\ahmed\AppData\Local\Temp\xcAsbs4.\driver_tmp_0.dat -E1 \
  -ver=XC8 Compiler --acfsm=1493 -ACODE=00h-0FFFFh -ACONST=00h-0FFFFh \
  -ASMALLCONST=01000h-010FFhx240 -AMEDIUMCONST=01000h-0FFFFh \
  -ACOMRAM=01h-07Fh -AABS1=00h-0F7Fh -ABIGRAM=01h-0F7Fh \
  -ARAM=080h-0FFh,0100h-01FFhx14,0F00h-0F7Fh -ABANK0=080h-0FFh \
  -ABANK1=0100h-01FFh -ABANK2=0200h-02FFh -ABANK3=0300h-03FFh \
  -ABANK4=0400h-04FFh -ABANK5=0500h-05FFh -ABANK6=0600h-06FFh \
  -ABANK7=0700h-07FFh -ABANK8=0800h-08FFh -ABANK9=0900h-09FFh \
  -ABANK10=0A00h-0AFFh -ABANK11=0B00h-0BFFh -ABANK12=0C00h-0CFFh \
  -ABANK13=0D00h-0DFFh -ABANK14=0E00h-0EFFh -ABANK15=0F00h-0F7Fh \
  -ASFR=0F80h-0FFFh -ABIGSFR=0F80h-0FFFh -ACONFIG=0300000h-030000Dh \
  -AIDLOC=0200000h-0200007h -AEEDATA=0F00000h-0F003FFh -peeprom_data=EEDATA \
  -preset_vec=00h,intcode=08h,intcodelo,powerup,init -pramtop=01000h \
  -psmallconst=SMALLCONST -pmediumconst=MEDIUMCONST -pconst=CONST \
  -AFARRAM=00h-00h \
  -prdata=COMRAM,nvrram=COMRAM,nvbit=COMRAM,rbss=COMRAM,rbit=COMRAM \
  -pfarbss=FARRAM,fardata=FARRAM,nvFARRAM=FARRAM \
  -pintsave_regs=BIGRAM,bigbss=BIGRAM,bigdata=BIGRAM -pbss=RAM \
  -pidata=CODE,irdata=CODE,ibigdata=CODE,ifardata=CODE -prparam=COMRAM \
  C:\Users\ahmed\AppData\Local\Temp\xcAsbs4.\driver_tmp_14.o \
  dist/default/debug\Embedded_Applications.X.debug.o 

Object code version is 3.11

Machine type is 18F4620



                Name                               Link     Load   Length Selector   Space Scale
C:\Users\ahmed\AppData\Local\Temp\xcAsbs4.\driver_tmp_14.o
                config                           300000   300000        E        0       4
                init                                  E        E        4        4       0
                reset_vec                             0        0        4        0       0
dist/default/debug\Embedded_Applications.X.debug.o
                intcode                               8        8        6        4       0
                config                           300000   300000        E        0       4
                temp                                 7B       7B        1        1       1
                smallconst                         1000     1000       32      800       0
                text59                             2F86     2F86        4     16F7       0
                text58                             2F82     2F82        4     16F7       0
                text57                             2F7E     2F7E        4     16F7       0
                text56                             2F8C     2F8C        2     16F7       0
                text55                             2F7A     2F7A        4     16F7       0
                text54                             2F76     2F76        4     16F7       0
                text53                             2F72     2F72        4     16F7       0
                text52                             2F6E     2F6E        4     16F7       0
                text51                             2F6A     2F6A        4     16F7       0
                text50                             2F0E     2F0E       1A     16F7       0
                text49                             2EF4     2EF4       1A     16F7       0
                text48                             2EDA     2EDA       1A     16F7       0
                text47                             2EC0     2EC0       1A     16F7       0
                text46                             2F50     2F50        C     16F7       0
                text45                             2F44     2F44        C     16F7       0
                text44                             2F5C     2F5C        8     16F7       0
                text43                             2F38     2F38        C     16F7       0
                intcode_body                       145C     145C      3C6      819       0
                text41                             2386     2386       B8      819       0
                text40                             21EA     21EA       D8      819       0
                text39                             2D1A     2D1A       38      819       0
                text38                             2E9E     2E9E       22     16F7       0
                text37                             29F2     29F2       60      819       0
                text36                             1E00     1E00      110      819       0
                text35                             2E78     2E78       26     16F7       0
                text34                             2B0C     2B0C       50      819       0
                text33                             2B5C     2B5C       48      819       0
                text32                             2AB0     2AB0       5C      819       0
                text31                             2786     2786       98      819       0
                text30                             281E     281E       96      819       0
                text29                             2C6A     2C6A       40      819       0
                text28                             1032     1032      42A      819       0
                text27                             1F10     1F10      106      819       0
                text26                             28B4     28B4       74      819       0
                text25                             19E4     19E4      1B4      819       0
                text24                             2BA4     2BA4       46      819       0
                text23                             2C2A     2C2A       40      819       0
                text22                             24EE     24EE       AC      819       0
                text21                             1CDA     1CDA      126      819       0
                text20                             2A52     2A52       5E      819       0
                text19                             2E1E     2E1E       30     16F7       0
                text18                             2928     2928       68      819       0
                text17                             2104     2104       E6      819       0
                text16                             2E4E     2E4E       2A     16F7       0
                text15                             2F64     2F64        6     16F7       0
                text14                             2DEE     2DEE       30     16F7       0
                text13                             22C2     22C2       C4      819       0
                text12                             243E     243E       B0      819       0
                text11                             2D86     2D86       34      819       0
                text10                             2F8A     2F8A        2     16F7       0
                text9                              259A     259A       AA      819       0
                text8                              1822     1822      1C2      819       0
                text7                              2BEA     2BEA       40      819       0
                text6                              2D52     2D52       34      819       0
                text5                              26E8     26E8       9E      819       0
                text4                              2CE2     2CE2       38      819       0
                text3                              2CAA     2CAA       38      819       0
                text2                              2644     2644       A4      819       0
                text1                              2016     2016       EE      819       0
                text0                              1B98     1B98      142      819       0
                cstackCOMRAM                         39       39       32        1       1
                cstackBANK0                          EE       EE        8       80       1
                dataBANK0                            BB       BB       33       80       1
                bssBANK0                             80       80       3B       80       1
                dataCOMRAM                           6B       6B       10        1       1
                bssCOMRAM                             1        1       38        1       1
                cinit                              2990     2990       62      819       0
                idataBANK0                         2DBA     2DBA       33      819       0
                idataCOMRAM                        2F28     2F28       10     16F7       0

TOTAL           Name                               Link     Load   Length     Space
        CLASS   CODE           
                intcode                               8        8        6         0
                init                                  E        E        4         0
                reset_vec                             0        0        4         0
                text59                             2F86     2F86        4         0
                text58                             2F82     2F82        4         0
                text57                             2F7E     2F7E        4         0
                text56                             2F8C     2F8C        2         0
                text55                             2F7A     2F7A        4         0
                text54                             2F76     2F76        4         0
                text53                             2F72     2F72        4         0
                text52                             2F6E     2F6E        4         0
                text51                             2F6A     2F6A        4         0
                text50                             2F0E     2F0E       1A         0
                text49                             2EF4     2EF4       1A         0
                text48                             2EDA     2EDA       1A         0
                text47                             2EC0     2EC0       1A         0
                text46                             2F50     2F50        C         0
                text45                             2F44     2F44        C         0
                text44                             2F5C     2F5C        8         0
                text43                             2F38     2F38        C         0
                intcode_body                       145C     145C      3C6         0
                text41                             2386     2386       B8         0
                text40                             21EA     21EA       D8         0
                text39                             2D1A     2D1A       38         0
                text38                             2E9E     2E9E       22         0
                text37                             29F2     29F2       60         0
                text36                             1E00     1E00      110         0
                text35                             2E78     2E78       26         0
                text34                             2B0C     2B0C       50         0
                text33                             2B5C     2B5C       48         0
                text32                             2AB0     2AB0       5C         0
                text31                             2786     2786       98         0
                text30                             281E     281E       96         0
                text29                             2C6A     2C6A       40         0
                text28                             1032     1032      42A         0
                text27                             1F10     1F10      106         0
                text26                             28B4     28B4       74         0
                text25                             19E4     19E4      1B4         0
                text24                             2BA4     2BA4       46         0
                text23                             2C2A     2C2A       40         0
                text22                             24EE     24EE       AC         0
                text21                             1CDA     1CDA      126         0
                text20                             2A52     2A52       5E         0
                text19                             2E1E     2E1E       30         0
                text18                             2928     2928       68         0
                text17                             2104     2104       E6         0
                text16                             2E4E     2E4E       2A         0
                text15                             2F64     2F64        6         0
                text14                             2DEE     2DEE       30         0
                text13                             22C2     22C2       C4         0
                text12                             243E     243E       B0         0
                text11                             2D86     2D86       34         0
                text10                             2F8A     2F8A        2         0
                text9                              259A     259A       AA         0
                text8                              1822     1822      1C2         0
                text7                              2BEA     2BEA       40         0
                text6                              2D52     2D52       34         0
                text5                              26E8     26E8       9E         0
                text4                              2CE2     2CE2       38         0
                text3                              2CAA     2CAA       38         0
                text2                              2644     2644       A4         0
                text1                              2016     2016       EE         0
                text0                              1B98     1B98      142         0
                cinit                              2990     2990       62         0
                idataBANK0                         2DBA     2DBA       33         0
                idataCOMRAM                        2F28     2F28       10         0

        CLASS   CONST          

        CLASS   SMALLCONST     
                smallconst                         1000     1000       32         0

        CLASS   MEDIUMCONST    

        CLASS   COMRAM         
                temp                                 7B       7B        1         1
                cstackCOMRAM                         39       39       32         1
                dataCOMRAM                           6B       6B       10         1
                bssCOMRAM                             1        1       38         1

        CLASS   ABS1           

        CLASS   BIGRAM         

        CLASS   RAM            

        CLASS   BANK0          
                cstackBANK0                          EE       EE        8         1
                dataBANK0                            BB       BB       33         1
                bssBANK0                             80       80       3B         1

        CLASS   BANK1          

        CLASS   BANK2          

        CLASS   BANK3          

        CLASS   BANK4          

        CLASS   BANK5          

        CLASS   BANK6          

        CLASS   BANK7          

        CLASS   BANK8          

        CLASS   BANK9          

        CLASS   BANK10         

        CLASS   BANK11         

        CLASS   BANK12         

        CLASS   BANK13         

        CLASS   BANK14         

        CLASS   BANK15         

        CLASS   SFR            

        CLASS   BIGSFR         

        CLASS   CONFIG         
                config                           300000   300000        E         4

        CLASS   IDLOC          

        CLASS   EEDATA         

        CLASS   FARRAM         

        CLASS   HEAP           

        CLASS   STACK          



SEGMENTS        Name                           Load    Length   Top    Selector   Space  Class

                reset_vec                      000000  000004  000004         0       0  CODE    
                bssCOMRAM                      000001  00007B  00007C         1       1  COMRAM  
                intcode                        000008  00000A  000012         4       0  CODE    
                bssBANK0                       000080  000076  0000F6        80       1  BANK0   
                smallconst                     001000  000032  001032       800       0  SMALLCON
                text28                         001032  001DBB  002DED       819       0  CODE    
                text14                         002DEE  0001A0  002F8E      16F7       0  CODE    


UNUSED ADDRESS RANGES

        Name                Unused          Largest block    Delta
        BANK0            0000F6-0000FF                A
        BANK1            000100-0001FF              100
        BANK10           000A00-000AFF              100
        BANK11           000B00-000BFF              100
        BANK12           000C00-000CFF              100
        BANK13           000D00-000DFF              100
        BANK14           000E00-000EFF              100
        BANK15           000F00-000F7F               80
        BANK2            000200-0002FF              100
        BANK3            000300-0003FF              100
        BANK4            000400-0004FF              100
        BANK5            000500-0005FF              100
        BANK6            000600-0006FF              100
        BANK7            000700-0007FF              100
        BANK8            000800-0008FF              100
        BANK9            000900-0009FF              100
        BIGRAM           00007C-00007F                4
                         0000F6-000F7F              E8A
        BIGSFR           000F80-000FFF               80
        CODE             000004-000007                4
                         000012-000FFF              FEE
                         002DED-002DED                1
                         002F8E-00FFFF             D072
        COMRAM           00007C-00007F                4
        CONST            000004-000007                4
                         000012-000FFF              FEE
                         002DED-002DED                1
                         002F8E-00FFFF             D072
        EEDATA           F00000-F003FF              400
        IDLOC            200000-200007                8
        MEDIUMCONST      002DED-002DED                1
                         002F8E-00FFFF             D072
        RAM              0000F6-000F7F              100
        SFR              000F80-000FFF               80
        SMALLCONST       002DED-002DED                1
                         002F8E-00FFFF              100

                                  Symbol Table

?___awdiv                                          cstackCOMRAM 00003A
?___awmod                                          cstackCOMRAM 00003A
?___flmul                                          cstackCOMRAM 000048
?___fltol                                          cstackCOMRAM 000061
?___lwdiv                                          cstackCOMRAM 00003A
?___xxtofl                                         cstackCOMRAM 00003A
?_abs                                              cstackCOMRAM 000040
?_sprintf                                          cstackCOMRAM 000053
?_vfprintf                                         cstackCOMRAM 00004F
ADC_GetConversionResult@_adc                       cstackCOMRAM 00003A
ADC_GetConversionResult@conversion_result          cstackCOMRAM 00003B
ADC_GetConversionResult@ret                        cstackCOMRAM 00003F
ADC_GetConversion_Blocking@_adc                    cstackCOMRAM 000041
ADC_GetConversion_Blocking@channel                 cstackCOMRAM 000042
ADC_GetConversion_Blocking@conversion_result       cstackCOMRAM 000043
ADC_GetConversion_Blocking@ret                     cstackCOMRAM 000044
ADC_Init@_adc                                      cstackCOMRAM 00003D
ADC_Init@ret                                       cstackCOMRAM 00003F
ADC_SelectChannel@_adc                             cstackCOMRAM 00003D
ADC_SelectChannel@channel                          cstackCOMRAM 00003E
ADC_SelectChannel@ret                              cstackCOMRAM 000040
ADC_StartConversion@_adc                           cstackCOMRAM 00003A
ADC_StartConversion@ret                            cstackCOMRAM 00003B
MSSP_SPI_Msster_Mode_GPIO_PIN_Configurations@F3115 dataCOMRAM   000071
MSSP_SPI_Msster_Mode_GPIO_PIN_Configurations@F3117 dataCOMRAM   000070
MSSP_SPI_Msster_Mode_GPIO_PIN_Configurations@F3119 dataCOMRAM   00006F
MSSP_SPI_Slave_Mode_GPIO_PIN_Configurations@F3124  dataCOMRAM   00006E
MSSP_SPI_Slave_Mode_GPIO_PIN_Configurations@F3126  dataCOMRAM   00006D
MSSP_SPI_Slave_Mode_GPIO_PIN_Configurations@F3128  dataCOMRAM   00006C
MSSP_SPI_Slave_Mode_GPIO_PIN_Configurations@F3130  dataCOMRAM   00006B
RB4_ISR@RB4_Source                                 cstackCOMRAM 000039
RB5_ISR@RB5_Source                                 cstackCOMRAM 000039
RB6_ISR@RB6_Source                                 cstackCOMRAM 000039
RB7_ISR@RB7_Source                                 cstackCOMRAM 000039
_ADCON0bits                                        (abs)        000FC2
_ADCON1bits                                        (abs)        000FC1
_ADCON2bits                                        (abs)        000FC0
_ADC_GetConversionResult                           text41       002386
_ADC_GetConversion_Blocking                        text37       0029F2
_ADC_ISR                                           text59       002F86
_ADC_Init                                          text22       0024EE
_ADC_InterruptHandler                              bssCOMRAM    00002B
_ADC_SelectChannel                                 text39       002D1A
_ADC_StartConversion                               text38       002E9E
_ADRESH                                            (abs)        000FC4
_ADRESL                                            (abs)        000FC3
_Air_Conditioning_On                               text29       002C6A
_BAUDCONbits                                       (abs)        000FB8
_CCP1CONbits                                       (abs)        000FBD
_CCP1_ISR                                          text58       002F82
_CCP1_InterruptHandler                             bssCOMRAM    000029
_CCP2CONbits                                       (abs)        000FBA
_CCP2_ISR                                          text57       002F7E
_CCP2_InterruptHandler                             bssCOMRAM    000027
_CCPR1L                                            (abs)        000FBE
_CCPR2L                                            (abs)        000FBB
_EUSART_FramingErrorHandler                        bssBANK0     0000AC
_EUSART_OverrunErrorHandler                        bssBANK0     0000AA
_EUSART_RX_ISR                                     text56       002F8C
_EUSART_RxInterruptHandler                         bssBANK0     0000AE
_EUSART_TX_ISR                                     text55       002F7A
_EUSART_TxInterruptHandler                         bssBANK0     0000B0
_INT0_ISR                                          text54       002F76
_INT0_InterruptHandler                             bssCOMRAM    000025
_INT1_ISR                                          text53       002F72
_INT1_InterruptHandler                             bssCOMRAM    000023
_INT2_ISR                                          text52       002F6E
_INT2_InterruptHandler                             bssCOMRAM    000021
_INTCON2bits                                       (abs)        000FF1
_INTCON3bits                                       (abs)        000FF0
_INTCONbits                                        (abs)        000FF2
_InterruptManager                                  intcode      000008
_LATA                                              (abs)        000F89
_LATB                                              (abs)        000F8A
_LATC                                              (abs)        000F8B
_LATD                                              (abs)        000F8C
_LATE                                              (abs)        000F8D
_MSSP_SPI_ISR                                      text51       002F6A
_PIE1bits                                          (abs)        000F9D
_PIE2bits                                          (abs)        000FA0
_PIR1bits                                          (abs)        000F9E
_PIR2bits                                          (abs)        000FA1
_PORTA                                             (abs)        000F80
_PORTB                                             (abs)        000F81
_PORTBbits                                         (abs)        000F81
_PORTC                                             (abs)        000F82
_PORTD                                             (abs)        000F83
_PORTE                                             (abs)        000F84
_PR2                                               (abs)        000FCB
_RB4_Flag                                          dataCOMRAM   000075
_RB4_ISR                                           text50       002F0E
_RB4_InterruptHandler_HIGH                         bssCOMRAM    00001F
_RB4_InterruptHandler_LOW                          bssCOMRAM    00001D
_RB5_Flag                                          dataCOMRAM   000074
_RB5_ISR                                           text49       002EF4
_RB5_InterruptHandler_HIGH                         bssCOMRAM    00001B
_RB5_InterruptHandler_LOW                          bssCOMRAM    000019
_RB6_Flag                                          dataCOMRAM   000073
_RB6_ISR                                           text48       002EDA
_RB6_InterruptHandler_HIGH                         bssCOMRAM    000017
_RB6_InterruptHandler_LOW                          bssCOMRAM    000015
_RB7_Flag                                          dataCOMRAM   000072
_RB7_ISR                                           text47       002EC0
_RB7_InterruptHandler_HIGH                         bssCOMRAM    000013
_RB7_InterruptHandler_LOW                          bssCOMRAM    000011
_RCREG                                             (abs)        000FAE
_RCSTAbits                                         (abs)        000FAB
_SPBRG                                             (abs)        000FAF
_SPBRGH                                            (abs)        000FB0
_SPI_InterruptHandler                              bssCOMRAM    00000F
_SSPBUF                                            (abs)        000FC9
_SSPCON1bits                                       (abs)        000FC6
_SSPSTATbits                                       (abs)        000FC7
_T0CONbits                                         (abs)        000FD5
_T1CONbits                                         (abs)        000FCD
_T2CONbits                                         (abs)        000FCA
_T3CONbits                                         (abs)        000FB1
_TMR0H                                             (abs)        000FD7
_TMR0L                                             (abs)        000FD6
_TMR0_ISR                                          text46       002F50
_TMR0_InterruptHandler                             bssCOMRAM    00000D
_TMR1H                                             (abs)        000FCF
_TMR1L                                             (abs)        000FCE
_TMR1_ISR                                          text45       002F44
_TMR1_InterruptHandler                             bssCOMRAM    000009
_TMR2                                              (abs)        000FCC
_TMR2_ISR                                          text44       002F5C
_TMR2_InterruptHandler                             bssCOMRAM    000005
_TMR3H                                             (abs)        000FB3
_TMR3L                                             (abs)        000FB2
_TMR3_ISR                                          text43       002F38
_TMR3_InterruptHandler                             bssBANK0     0000B2
_TRISA                                             (abs)        000F92
_TRISB                                             (abs)        000F93
_TRISC                                             (abs)        000F94
_TRISCbits                                         (abs)        000F94
_TRISD                                             (abs)        000F95
_TRISE                                             (abs)        000F96
_TXREG                                             (abs)        000FAD
_TXSTAbits                                         (abs)        000FAC
__HRAM                                             (abs)        000000
__H__absolute__                                    __absolute__ 000000
__Habs1                                            abs1         000000
__Hbank0                                           bank0        000000
__Hbank1                                           bank1        000000
__Hbank10                                          bank10       000000
__Hbank11                                          bank11       000000
__Hbank12                                          bank12       000000
__Hbank13                                          bank13       000000
__Hbank14                                          bank14       000000
__Hbank15                                          bank15       000000
__Hbank2                                           bank2        000000
__Hbank3                                           bank3        000000
__Hbank4                                           bank4        000000
__Hbank5                                           bank5        000000
__Hbank6                                           bank6        000000
__Hbank7                                           bank7        000000
__Hbank8                                           bank8        000000
__Hbank9                                           bank9        000000
__Hbigbss                                          bigbss       000000
__Hbigdata                                         bigdata      000000
__Hbigram                                          bigram       000000
__Hbigsfr                                          bigsfr       000000
__Hbss                                             bss          000000
__HbssBANK0                                        bssBANK0     000000
__HbssCOMRAM                                       bssCOMRAM    000000
__Hcinit                                           cinit        000000
__Hclrtext                                         clrtext      000000
__Hcomram                                          comram       000000
__Hconfig                                          config       30000E
__Hconst                                           const        000000
__HcstackBANK0                                     cstackBANK0  000000
__HcstackCOMRAM                                    cstackCOMRAM 000000
__Hdata                                            data         000000
__HdataBANK0                                       dataBANK0    000000
__HdataCOMRAM                                      dataCOMRAM   000000
__Heeprom_data                                     eeprom_data  000000
__Hfarbss                                          farbss       000000
__Hfardata                                         fardata      000000
__Hheap                                            heap         000000
__Hibigdata                                        ibigdata     000000
__Hidata                                           idata        000000
__HidataBANK0                                      idataBANK0   000000
__HidataCOMRAM                                     idataCOMRAM  000000
__Hidloc                                           idloc        000000
__Hifardata                                        ifardata     000000
__Hinit                                            init         000012
__Hintcode                                         intcode      00000E
__Hintcode_body                                    intcode_body 000000
__Hintcodelo                                       intcodelo    00000E
__Hintentry                                        intentry     000000
__Hintret                                          intret       000000
__Hintsave_regs                                    intsave_regs 000000
__Hirdata                                          irdata       000000
__Hmediumconst                                     mediumconst  000000
__HnvFARRAM                                        nvFARRAM     000000
__Hnvbit                                           nvbit        000000
__Hnvrram                                          nvrram       000000
__Hparam                                           rparam       000000
__Hpowerup                                         powerup      00000E
__Hram                                             ram          000000
__Hramtop                                          ramtop       001000
__Hrbit                                            rbit         000000
__Hrbss                                            rbss         000000
__Hrdata                                           rdata        000000
__Hreset_vec                                       reset_vec    000004
__Hrparam                                          rparam       000000
__Hsfr                                             sfr          000000
__Hsmallconst                                      smallconst   001032
__Hspace_0                                         (abs)        002F8E
__Hspace_1                                         (abs)        0000F6
__Hspace_2                                         (abs)        000000
__Hspace_4                                         (abs)        60000E
__Hstack                                           stack        000000
__Hstruct                                          struct       000000
__Htemp                                            temp         00007C
__Htext                                            text         000000
__Htext0                                           text0        000000
__Htext1                                           text1        000000
__Htext10                                          text10       000000
__Htext11                                          text11       000000
__Htext12                                          text12       000000
__Htext13                                          text13       000000
__Htext14                                          text14       000000
__Htext15                                          text15       000000
__Htext16                                          text16       000000
__Htext17                                          text17       000000
__Htext18                                          text18       000000
__Htext19                                          text19       000000
__Htext2                                           text2        000000
__Htext20                                          text20       000000
__Htext21                                          text21       000000
__Htext22                                          text22       000000
__Htext23                                          text23       000000
__Htext24                                          text24       000000
__Htext25                                          text25       000000
__Htext26                                          text26       000000
__Htext27                                          text27       000000
__Htext28                                          text28       000000
__Htext29                                          text29       000000
__Htext3                                           text3        000000
__Htext30                                          text30       000000
__Htext31                                          text31       000000
__Htext32                                          text32       000000
__Htext33                                          text33       000000
__Htext34                                          text34       000000
__Htext35                                          text35       000000
__Htext36                                          text36       000000
__Htext37                                          text37       000000
__Htext38                                          text38       000000
__Htext39                                          text39       000000
__Htext4                                           text4        000000
__Htext40                                          text40       000000
__Htext41                                          text41       000000
__Htext43                                          text43       000000
__Htext44                                          text44       000000
__Htext45                                          text45       000000
__Htext46                                          text46       000000
__Htext47                                          text47       000000
__Htext48                                          text48       000000
__Htext49                                          text49       000000
__Htext5                                           text5        000000
__Htext50                                          text50       000000
__Htext51                                          text51       000000
__Htext52                                          text52       000000
__Htext53                                          text53       000000
__Htext54                                          text54       000000
__Htext55                                          text55       000000
__Htext56                                          text56       000000
__Htext57                                          text57       000000
__Htext58                                          text58       000000
__Htext59                                          text59       000000
__Htext6                                           text6        000000
__Htext7                                           text7        000000
__Htext8                                           text8        000000
__Htext9                                           text9        000000
__LRAM                                             (abs)        000001
__L__absolute__                                    __absolute__ 000000
__Labs1                                            abs1         000000
__Lbank0                                           bank0        000000
__Lbank1                                           bank1        000000
__Lbank10                                          bank10       000000
__Lbank11                                          bank11       000000
__Lbank12                                          bank12       000000
__Lbank13                                          bank13       000000
__Lbank14                                          bank14       000000
__Lbank15                                          bank15       000000
__Lbank2                                           bank2        000000
__Lbank3                                           bank3        000000
__Lbank4                                           bank4        000000
__Lbank5                                           bank5        000000
__Lbank6                                           bank6        000000
__Lbank7                                           bank7        000000
__Lbank8                                           bank8        000000
__Lbank9                                           bank9        000000
__Lbigbss                                          bigbss       000000
__Lbigdata                                         bigdata      000000
__Lbigram                                          bigram       000000
__Lbigsfr                                          bigsfr       000000
__Lbss                                             bss          000000
__LbssBANK0                                        bssBANK0     000000
__LbssCOMRAM                                       bssCOMRAM    000000
__Lcinit                                           cinit        000000
__Lclrtext                                         clrtext      000000
__Lcomram                                          comram       000000
__Lconfig                                          config       000000
__Lconst                                           const        000000
__LcstackBANK0                                     cstackBANK0  000000
__LcstackCOMRAM                                    cstackCOMRAM 000000
__Ldata                                            data         000000
__LdataBANK0                                       dataBANK0    000000
__LdataCOMRAM                                      dataCOMRAM   000000
__Leeprom_data                                     eeprom_data  000000
__Lfarbss                                          farbss       000000
__Lfardata                                         fardata      000000
__Lheap                                            heap         000000
__Libigdata                                        ibigdata     000000
__Lidata                                           idata        000000
__LidataBANK0                                      idataBANK0   000000
__LidataCOMRAM                                     idataCOMRAM  000000
__Lidloc                                           idloc        000000
__Lifardata                                        ifardata     000000
__Linit                                            init         00000E
__Lintcode                                         intcode      000008
__Lintcode_body                                    intcode_body 000000
__Lintcodelo                                       intcodelo    00000E
__Lintentry                                        intentry     000000
__Lintret                                          intret       000000
__Lintsave_regs                                    intsave_regs 000000
__Lirdata                                          irdata       000000
__Lmediumconst                                     mediumconst  000000
__LnvFARRAM                                        nvFARRAM     000000
__Lnvbit                                           nvbit        000000
__Lnvrram                                          nvrram       000000
__Lparam                                           rparam       000000
__Lpowerup                                         powerup      00000E
__Lram                                             ram          000000
__Lramtop                                          ramtop       001000
__Lrbit                                            rbit         000000
__Lrbss                                            rbss         000000
__Lrdata                                           rdata        000000
__Lreset_vec                                       reset_vec    000000
__Lrparam                                          rparam       000000
__Lsfr                                             sfr          000000
__Lsmallconst                                      smallconst   001000
__Lspace_0                                         (abs)        000000
__Lspace_1                                         (abs)        000000
__Lspace_2                                         (abs)        000000
__Lspace_4                                         (abs)        000000
__Lstack                                           stack        000000
__Lstruct                                          struct       000000
__Ltemp                                            temp         00007B
__Ltext                                            text         000000
__Ltext0                                           text0        000000
__Ltext1                                           text1        000000
__Ltext10                                          text10       000000
__Ltext11                                          text11       000000
__Ltext12                                          text12       000000
__Ltext13                                          text13       000000
__Ltext14                                          text14       000000
__Ltext15                                          text15       000000
__Ltext16                                          text16       000000
__Ltext17                                          text17       000000
__Ltext18                                          text18       000000
__Ltext19                                          text19       000000
__Ltext2                                           text2        000000
__Ltext20                                          text20       000000
__Ltext21                                          text21       000000
__Ltext22                                          text22       000000
__Ltext23                                          text23       000000
__Ltext24                                          text24       000000
__Ltext25                                          text25       000000
__Ltext26                                          text26       000000
__Ltext27                                          text27       000000
__Ltext28                                          text28       000000
__Ltext29                                          text29       000000
__Ltext3                                           text3        000000
__Ltext30                                          text30       000000
__Ltext31                                          text31       000000
__Ltext32                                          text32       000000
__Ltext33                                          text33       000000
__Ltext34                                          text34       000000
__Ltext35                                          text35       000000
__Ltext36                                          text36       000000
__Ltext37                                          text37       000000
__Ltext38                                          text38       000000
__Ltext39                                          text39       000000
__Ltext4                                           text4        000000
__Ltext40                                          text40       000000
__Ltext41                                          text41       000000
__Ltext43                                          text43       000000
__Ltext44                                          text44       000000
__Ltext45                                          text45       000000
__Ltext46                                          text46       000000
__Ltext47                                          text47       000000
__Ltext48                                          text48       000000
__Ltext49                                          text49       000000
__Ltext5                                           text5        000000
__Ltext50                                          text50       000000
__Ltext51                                          text51       000000
__Ltext52                                          text52       000000
__Ltext53                                          text53       000000
__Ltext54                                          text54       000000
__Ltext55                                          text55       000000
__Ltext56                                          text56       000000
__Ltext57                                          text57       000000
__Ltext58                                          text58       000000
__Ltext59                                          text59       000000
__Ltext6                                           text6        000000
__Ltext7                                           text7        000000
__Ltext8                                           text8        000000
__Ltext9                                           text9        000000
__S0                                               (abs)        002F8E
__S1                                               (abs)        0000F6
__S4                                               (abs)        000000
__S5                                               (abs)        000000
___awdiv                                           text13       0022C2
___awdiv@counter                                   cstackCOMRAM 00003E
___awdiv@dividend                                  cstackCOMRAM 00003A
___awdiv@divisor                                   cstackCOMRAM 00003C
___awdiv@quotient                                  cstackCOMRAM 000040
___awdiv@sign                                      cstackCOMRAM 00003F
___awmod                                           text12       00243E
___awmod@counter                                   cstackCOMRAM 00003E
___awmod@dividend                                  cstackCOMRAM 00003A
___awmod@divisor                                   cstackCOMRAM 00003C
___awmod@sign                                      cstackCOMRAM 00003F
___flmul                                           text28       001032
___flmul@a                                         cstackCOMRAM 00004C
___flmul@aexp                                      cstackCOMRAM 000059
___flmul@b                                         cstackCOMRAM 000048
___flmul@bexp                                      cstackCOMRAM 00005A
___flmul@grs                                       cstackCOMRAM 000055
___flmul@prod                                      cstackCOMRAM 00005B
___flmul@sign                                      cstackCOMRAM 000054
___flmul@temp                                      cstackCOMRAM 00005F
___fltol                                           text27       001F10
___fltol@exp1                                      cstackCOMRAM 00006A
___fltol@f1                                        cstackCOMRAM 000061
___fltol@sign1                                     cstackCOMRAM 000069
___heap_hi                                         (abs)        000000
___heap_lo                                         (abs)        000000
___inthi_sp                                        stack        000000
___inthi_stack_hi                                  stack        000000
___inthi_stack_lo                                  stack        000000
___intlo_sp                                        stack        000000
___intlo_stack_hi                                  stack        000000
___intlo_stack_lo                                  stack        000000
___lwdiv                                           text26       0028B4
___lwdiv@counter                                   cstackCOMRAM 000040
___lwdiv@dividend                                  cstackCOMRAM 00003A
___lwdiv@divisor                                   cstackCOMRAM 00003C
___lwdiv@quotient                                  cstackCOMRAM 00003E
___param_bank                                      (abs)        000000
___rparam_used                                     (abs)        000001
___sp                                              stack        000000
___stack_hi                                        stack        000000
___stack_lo                                        stack        000000
___xxtofl                                          text25       0019E4
___xxtofl@arg                                      cstackCOMRAM 000044
___xxtofl@exp                                      cstackCOMRAM 000043
___xxtofl@sign                                     cstackCOMRAM 000042
___xxtofl@val                                      cstackCOMRAM 00003A
__accesstop                                        (abs)        000080
__activetblptr                                     (abs)        000003
__end_of_ADC_GetConversionResult                   text41       00243E
__end_of_ADC_GetConversion_Blocking                text37       002A52
__end_of_ADC_ISR                                   text59       002F8A
__end_of_ADC_Init                                  text22       00259A
__end_of_ADC_SelectChannel                         text39       002D52
__end_of_ADC_StartConversion                       text38       002EC0
__end_of_Air_Conditioning_On                       text29       002CAA
__end_of_CCP1_ISR                                  text58       002F86
__end_of_CCP2_ISR                                  text57       002F82
__end_of_EUSART_RX_ISR                             text56       002F8E
__end_of_EUSART_TX_ISR                             text55       002F7E
__end_of_INT0_ISR                                  text54       002F7A
__end_of_INT1_ISR                                  text53       002F76
__end_of_INT2_ISR                                  text52       002F72
__end_of_InterruptManager                          intcode_body 001822
__end_of_MSSP_SPI_ISR                              text51       002F6E
__end_of_RB4_ISR                                   text50       002F28
__end_of_RB5_ISR                                   text49       002F0E
__end_of_RB6_ISR                                   text48       002EF4
__end_of_RB7_ISR                                   text47       002EDA
__end_of_TMR0_ISR                                  text46       002F5C
__end_of_TMR1_ISR                                  text45       002F50
__end_of_TMR2_ISR                                  text44       002F64
__end_of_TMR3_ISR                                  text43       002F44
__end_of___awdiv                                   text13       002386
__end_of___awmod                                   text12       0024EE
__end_of___flmul                                   text28       00145C
__end_of___fltol                                   text27       002016
__end_of___lwdiv                                   text26       002928
__end_of___xxtofl                                  text25       001B98
__end_of__initialization                           cinit        0029E8
__end_of_abs                                       text11       002DBA
__end_of_adc_input_channel_port_configure          text40       0022C2
__end_of_application_intialize                     text15       002F6A
__end_of_btn_values                                smallconst   001011
__end_of_configure_voltage_reference               text24       002BEA
__end_of_convert_uint16_to_string                  text5        002786
__end_of_dc_motor_initialize                       text19       002E4E
__end_of_dc_motor_move_right                       text4        002D1A
__end_of_dc_motor_stop                             text3        002CE2
__end_of_ecu_layer_intialize                       text16       002E78
__end_of_fputc                                     text9        002644
__end_of_gpio_pin_direction_initialize             text21       001E00
__end_of_gpio_pin_initialize                       text20       002AB0
__end_of_gpio_pin_read_logic                       text2        0026E8
__end_of_gpio_pin_write_logic                      text36       001F10
__end_of_keypad_get_value                          text1        002104
__end_of_keypad_initialize                         text18       002990
__end_of_lcd_4bit_intialize                        text17       0021EA
__end_of_lcd_4bit_send_char_data                   text33       002BA4
__end_of_lcd_4bit_send_command                     text32       002B0C
__end_of_lcd_4bit_send_enable_signal               text35       002E9E
__end_of_lcd_4bit_send_string_pos                  text30       0028B4
__end_of_lcd_4bit_set_cursor                       text31       00281E
__end_of_lcd_send_4bits                            text34       002B5C
__end_of_main                                      text0        001CDA
__end_of_memset                                    text14       002E1E
__end_of_putch                                     text10       002F8C
__end_of_select_result_format                      text23       002C6A
__end_of_sprintf                                   text6        002D86
__end_of_vfpfcnvrt                                 text8        0019E4
__end_of_vfprintf                                  text7        002C2A
__initialization                                   cinit        002990
__mediumconst                                      mediumconst  000000
__pbssBANK0                                        bssBANK0     000080
__pbssCOMRAM                                       bssCOMRAM    000001
__pcinit                                           cinit        002990
__pcstackBANK0                                     cstackBANK0  0000EE
__pcstackCOMRAM                                    cstackCOMRAM 000039
__pdataBANK0                                       dataBANK0    0000BB
__pdataCOMRAM                                      dataCOMRAM   00006B
__pidataBANK0                                      idataBANK0   002DBA
__pidataCOMRAM                                     idataCOMRAM  002F28
__pintcode                                         intcode      000008
__pintcode_body                                    intcode_body 00145C
__psmallconst                                      smallconst   001000
__ptext0                                           text0        001B98
__ptext1                                           text1        002016
__ptext10                                          text10       002F8A
__ptext11                                          text11       002D86
__ptext12                                          text12       00243E
__ptext13                                          text13       0022C2
__ptext14                                          text14       002DEE
__ptext15                                          text15       002F64
__ptext16                                          text16       002E4E
__ptext17                                          text17       002104
__ptext18                                          text18       002928
__ptext19                                          text19       002E1E
__ptext2                                           text2        002644
__ptext20                                          text20       002A52
__ptext21                                          text21       001CDA
__ptext22                                          text22       0024EE
__ptext23                                          text23       002C2A
__ptext24                                          text24       002BA4
__ptext25                                          text25       0019E4
__ptext26                                          text26       0028B4
__ptext27                                          text27       001F10
__ptext28                                          text28       001032
__ptext29                                          text29       002C6A
__ptext3                                           text3        002CAA
__ptext30                                          text30       00281E
__ptext31                                          text31       002786
__ptext32                                          text32       002AB0
__ptext33                                          text33       002B5C
__ptext34                                          text34       002B0C
__ptext35                                          text35       002E78
__ptext36                                          text36       001E00
__ptext37                                          text37       0029F2
__ptext38                                          text38       002E9E
__ptext39                                          text39       002D1A
__ptext4                                           text4        002CE2
__ptext40                                          text40       0021EA
__ptext41                                          text41       002386
__ptext43                                          text43       002F38
__ptext44                                          text44       002F5C
__ptext45                                          text45       002F44
__ptext46                                          text46       002F50
__ptext47                                          text47       002EC0
__ptext48                                          text48       002EDA
__ptext49                                          text49       002EF4
__ptext5                                           text5        0026E8
__ptext50                                          text50       002F0E
__ptext51                                          text51       002F6A
__ptext52                                          text52       002F6E
__ptext53                                          text53       002F72
__ptext54                                          text54       002F76
__ptext55                                          text55       002F7A
__ptext56                                          text56       002F8C
__ptext57                                          text57       002F7E
__ptext58                                          text58       002F82
__ptext59                                          text59       002F86
__ptext6                                           text6        002D52
__ptext7                                           text7        002BEA
__ptext8                                           text8        001822
__ptext9                                           text9        00259A
__ramtop                                           ramtop       001000
__smallconst                                       smallconst   001000
_abs                                               text11       002D86
_adc_1                                             dataBANK0    0000E1
_adc_input_channel_port_configure                  text40       0021EA
_application_intialize                             text15       002F64
_btn_values                                        smallconst   001001
_configure_voltage_reference                       text24       002BA4
_convert_uint16_to_string                          text5        0026E8
_dbuf                                              bssBANK0     000080
_dc_motor_1                                        dataCOMRAM   000079
_dc_motor_2                                        dataCOMRAM   000077
_dc_motor_initialize                               text19       002E1E
_dc_motor_move_right                               text4        002CE2
_dc_motor_stop                                     text3        002CAA
_ecu_layer_intialize                               text16       002E4E
_flags                                             bssCOMRAM    00002D
_fputc                                             text9        00259A
_gpio_pin_direction_initialize                     text21       001CDA
_gpio_pin_initialize                               text20       002A52
_gpio_pin_read_logic                               text2        002644
_gpio_pin_write_logic                              text36       001E00
_keypad_1                                          dataBANK0    0000D9
_keypad_get_value                                  text1        002016
_keypad_initialize                                 text18       002928
_keypad_value                                      bssCOMRAM    000038
_lat_registers                                     dataBANK0    0000C5
_lcd_1                                             dataBANK0    0000E8
_lcd_4bit_intialize                                text17       002104
_lcd_4bit_send_char_data                           text33       002B5C
_lcd_4bit_send_command                             text32       002AB0
_lcd_4bit_send_enable_signal                       text35       002E78
_lcd_4bit_send_string_pos                          text30       00281E
_lcd_4bit_set_cursor                               text31       002786
_lcd_send_4bits                                    text34       002B0C
_led1                                              dataCOMRAM   000076
_lm35_res_1                                        bssCOMRAM    000036
_lm35_res_1_Celsius_mv                             bssCOMRAM    000001
_lm35_res_1_txt                                    bssBANK0     0000B4
_main                                              text0        001B98
_memset                                            text14       002DEE
_port_registers                                    dataBANK0    0000BB
_prec                                              bssBANK0     0000A8
_putch                                             text10       002F8A
_select_result_format                              text23       002C2A
_sprintf                                           text6        002D52
_timer0_preload                                    bssCOMRAM    00000B
_timer1_preload                                    bssCOMRAM    000007
_timer2_preload                                    bssCOMRAM    00002E
_timer3_preload                                    bssCOMRAM    000003
_tris_registers                                    dataBANK0    0000CF
_vfpfcnvrt                                         text8        001822
_vfprintf                                          text7        002BEA
_width                                             bssBANK0     0000A6
abs@a                                              cstackCOMRAM 000040
adc_input_channel_port_configure@channel           cstackCOMRAM 00003C
btemp                                              temp         00007B
configure_voltage_reference@_adc                   cstackCOMRAM 00003A
convert_uint16_to_string@DataCounter               cstackBANK0  0000F5
convert_uint16_to_string@Temp_String               cstackBANK0  0000EE
convert_uint16_to_string@ret                       cstackBANK0  0000F4
convert_uint16_to_string@str                       cstackCOMRAM 000066
convert_uint16_to_string@value                     cstackCOMRAM 000064
dc_motor_initialize@_dc_motor                      cstackCOMRAM 000045
dc_motor_initialize@ret                            cstackCOMRAM 000046
dc_motor_move_right@_dc_motor                      cstackCOMRAM 000042
dc_motor_move_right@ret                            cstackCOMRAM 000043
dc_motor_stop@_dc_motor                            cstackCOMRAM 000042
dc_motor_stop@ret                                  cstackCOMRAM 000043
end_of_initialization                              cinit        0029E8
fputc@c                                            cstackCOMRAM 00003A
fputc@fp                                           cstackCOMRAM 00003C
gpio_pin_direction_initialize@_pin_config          cstackCOMRAM 00003A
gpio_pin_direction_initialize@ret                  cstackCOMRAM 000040
gpio_pin_initialize@_pin_config                    cstackCOMRAM 000042
gpio_pin_initialize@ret                            cstackCOMRAM 000044
gpio_pin_read_logic@_pin_config                    cstackCOMRAM 00003A
gpio_pin_read_logic@logic                          cstackCOMRAM 00003B
gpio_pin_read_logic@ret                            cstackCOMRAM 000040
gpio_pin_write_logic@_pin_config                   cstackCOMRAM 00003A
gpio_pin_write_logic@logic                         cstackCOMRAM 00003B
gpio_pin_write_logic@ret                           cstackCOMRAM 000041
int$flags                                          temp         00007B
int_func                                           intcode_body 00145C
intlevel0                                          text         000000
intlevel1                                          text         000000
intlevel2                                          text         000000
intlevel3                                          text         000000
isa$std                                            (abs)        000001
isa$xinst                                          (abs)        000000
keypad_get_value@_keypad_obj                       cstackCOMRAM 000042
keypad_get_value@column_logic                      cstackCOMRAM 000046
keypad_get_value@l_columns_counter                 cstackCOMRAM 000049
keypad_get_value@l_counter                         cstackCOMRAM 000047
keypad_get_value@l_rows_counter                    cstackCOMRAM 000048
keypad_get_value@ret                               cstackCOMRAM 000045
keypad_get_value@value                             cstackCOMRAM 000043
keypad_initialize@_keypad_obj                      cstackCOMRAM 000045
keypad_initialize@columns_counter                  cstackCOMRAM 000048
keypad_initialize@ret                              cstackCOMRAM 000046
keypad_initialize@rows_counter                     cstackCOMRAM 000047
lcd_4bit_intialize@l_data_pins_counter             cstackCOMRAM 00004A
lcd_4bit_intialize@lcd                             cstackCOMRAM 000048
lcd_4bit_intialize@ret                             cstackCOMRAM 00004B
lcd_4bit_send_char_data@data                       cstackCOMRAM 000046
lcd_4bit_send_char_data@lcd                        cstackCOMRAM 000045
lcd_4bit_send_command@command                      cstackCOMRAM 000046
lcd_4bit_send_command@lcd                          cstackCOMRAM 000045
lcd_4bit_send_command@ret                          cstackCOMRAM 000047
lcd_4bit_send_enable_signal@lcd                    cstackCOMRAM 000042
lcd_4bit_send_enable_signal@ret                    cstackCOMRAM 000043
lcd_4bit_send_string_pos@column                    cstackCOMRAM 000050
lcd_4bit_send_string_pos@lcd                       cstackCOMRAM 00004E
lcd_4bit_send_string_pos@ret                       cstackCOMRAM 000053
lcd_4bit_send_string_pos@row                       cstackCOMRAM 00004F
lcd_4bit_send_string_pos@str                       cstackCOMRAM 000051
lcd_4bit_set_cursor@coulmn                         cstackCOMRAM 00004A
lcd_4bit_set_cursor@lcd                            cstackCOMRAM 000048
lcd_4bit_set_cursor@ret                            cstackCOMRAM 00004D
lcd_4bit_set_cursor@row                            cstackCOMRAM 000049
lcd_send_4bits@_data_command                       cstackCOMRAM 000043
lcd_send_4bits@lcd                                 cstackCOMRAM 000042
lcd_send_4bits@ret                                 cstackCOMRAM 000044
led_initialize@F3117                               bssCOMRAM    000035
led_turn_off@F3127                                 bssCOMRAM    000033
led_turn_on@F3122                                  bssCOMRAM    000034
led_turn_toggle@F3132                              bssCOMRAM    000032
memset@c                                           cstackCOMRAM 00003B
memset@dest                                        cstackCOMRAM 00003A
memset@n                                           cstackCOMRAM 00003D
memset@p                                           cstackCOMRAM 00003F
relay_initialize@F3057                             bssCOMRAM    000031
relay_turn_off@F3067                               bssCOMRAM    00002F
relay_turn_on@F3062                                bssCOMRAM    000030
select_result_format@_adc                          cstackCOMRAM 00003A
sprintf@ap                                         cstackCOMRAM 000057
sprintf@f                                          cstackCOMRAM 000058
sprintf@fmt                                        cstackCOMRAM 000054
sprintf@s                                          cstackCOMRAM 000053
stackhi                                            (abs)        000000
stacklo                                            (abs)        000000
start                                              init         00000E
start_initialization                               cinit        002990
ttemp5                                             temp         00007C
ttemp6                                             temp         00007F
ttemp7                                             temp         000083
vfpfcnvrt@ap                                       cstackCOMRAM 000046
vfpfcnvrt@c                                        cstackCOMRAM 00004E
vfpfcnvrt@convarg                                  cstackCOMRAM 00004A
vfpfcnvrt@cp                                       cstackCOMRAM 000049
vfpfcnvrt@done                                     cstackCOMRAM 000048
vfpfcnvrt@fmt                                      cstackCOMRAM 000045
vfpfcnvrt@fp                                       cstackCOMRAM 000044
vfprintf@ap                                        cstackCOMRAM 000051
vfprintf@cfmt                                      cstackCOMRAM 000052
vfprintf@fmt                                       cstackCOMRAM 000050
vfprintf@fp                                        cstackCOMRAM 00004F
wtemp8                                             temp         00007C


MODULE INFORMATION

Module		Function		Class		Link	Load	Size
MCAL_Layer/Timer2/hal_timr2.c
		_TMR2_ISR      		CODE           	2F5C	0000	8

MCAL_Layer/Timer2/hal_timr2.c estimated size: 8

MCAL_Layer/Timer0/hal_timr0.c
		_TMR0_ISR      		CODE           	2F50	0000	12

MCAL_Layer/Timer0/hal_timr0.c estimated size: 12

ECU_Layer/KeyPad/ecu_keypad.c
		_keypad_get_value		CODE           	2016	0000	238
		_keypad_initialize		CODE           	2928	0000	104

ECU_Layer/KeyPad/ecu_keypad.c estimated size: 342

ECU_Layer/DC_Motor/ecu_dc_motor.c
		_dc_motor_stop 		CODE           	2CAA	0000	56
		_dc_motor_initialize		CODE           	2E1E	0000	48
		_dc_motor_move_right		CODE           	2CE2	0000	56

ECU_Layer/DC_Motor/ecu_dc_motor.c estimated size: 160

app1.c
		_Air_Conditioning_On		CODE           	2C6A	0000	64
		_main          		CODE           	1B98	0000	322
		_application_intialize		CODE           	2F64	0000	6

app1.c estimated size: 392

MCAL_Layer/SPI/hal_spi.c
		_MSSP_SPI_ISR  		CODE           	2F6A	0000	4

MCAL_Layer/SPI/hal_spi.c estimated size: 4

ECU_Layer/Chr_LCD/ecu_chr_lcd.c
		_lcd_4bit_send_command		CODE           	2AB0	0000	92
		_lcd_4bit_send_string_pos		CODE           	281E	0000	150
		_lcd_4bit_send_char_data		CODE           	2B5C	0000	72
		_lcd_send_4bits		CODE           	2B0C	0000	80
		_lcd_4bit_intialize		CODE           	2104	0000	230
		_convert_uint16_to_string		CODE           	26E8	0000	158
		_lcd_4bit_set_cursor		CODE           	2786	0000	152
		_lcd_4bit_send_enable_signal		CODE           	2E78	0000	38

ECU_Layer/Chr_LCD/ecu_chr_lcd.c estimated size: 972

C:\Program Files\Microchip\xc8\v2.45\pic\sources\c99\common\sprcmul.c
		___flmul       		CODE           	1032	0000	1066

C:\Program Files\Microchip\xc8\v2.45\pic\sources\c99\common\sprcmul.c estimated size: 1066

C:\Program Files\Microchip\xc8\v2.45\pic\sources\c99\common\nf_sprintf.c
		_sprintf       		CODE           	2D52	0000	52

C:\Program Files\Microchip\xc8\v2.45\pic\sources\c99\common\nf_sprintf.c estimated size: 52

MCAL_Layer/usart/hal_usart.c
		_EUSART_RX_ISR 		CODE           	2F8C	0000	2
		_EUSART_TX_ISR 		CODE           	2F7A	0000	4

MCAL_Layer/usart/hal_usart.c estimated size: 6

C:\Program Files\Microchip\xc8\v2.45\pic\sources\c99\common\awmod.c
		___awmod       		CODE           	243E	0000	176

C:\Program Files\Microchip\xc8\v2.45\pic\sources\c99\common\awmod.c estimated size: 176

MCAL_Layer/Timer3/hal_timr3.c
		_TMR3_ISR      		CODE           	2F38	0000	12

MCAL_Layer/Timer3/hal_timr3.c estimated size: 12

C:\Program Files\Microchip\xc8\v2.45\pic\sources\c99\common\putch.c
		_putch         		CODE           	2F8A	0000	2

C:\Program Files\Microchip\xc8\v2.45\pic\sources\c99\common\putch.c estimated size: 2

shared
		_btn_values    		SMALLCONST     	1001	0000	16
		__initialization		CODE           	2990	0000	88

shared estimated size: 104

C:\Program Files\Microchip\xc8\v2.45\pic\sources\c99\common\xxtofl.c
		___xxtofl      		CODE           	19E4	0000	436

C:\Program Files\Microchip\xc8\v2.45\pic\sources\c99\common\xxtofl.c estimated size: 436

MCAL_Layer/Interrupt/mcal_external_interrupt.c
		_RB4_ISR       		CODE           	2F0E	0000	26
		_RB5_ISR       		CODE           	2EF4	0000	26
		_RB6_ISR       		CODE           	2EDA	0000	26
		_RB7_ISR       		CODE           	2EC0	0000	26
		_INT0_ISR      		CODE           	2F76	0000	4
		_INT1_ISR      		CODE           	2F72	0000	4
		_INT2_ISR      		CODE           	2F6E	0000	4

MCAL_Layer/Interrupt/mcal_external_interrupt.c estimated size: 116

C:\Program Files\Microchip\xc8\v2.45\pic\sources\c99\common\abs.c
		_abs           		CODE           	2D86	0000	52

C:\Program Files\Microchip\xc8\v2.45\pic\sources\c99\common\abs.c estimated size: 52

MCAL_Layer/ADC/hal_adc.c
		_adc_input_channel_port_configure		CODE           	21EA	0000	216
		_ADC_GetConversion_Blocking		CODE           	29F2	0000	96
		_ADC_GetConversionResult		CODE           	2386	0000	184
		_configure_voltage_reference		CODE           	2BA4	0000	70
		_ADC_StartConversion		CODE           	2E9E	0000	34
		_ADC_ISR       		CODE           	2F86	0000	4
		_ADC_SelectChannel		CODE           	2D1A	0000	56
		_ADC_Init      		CODE           	24EE	0000	172
		_select_result_format		CODE           	2C2A	0000	64

MCAL_Layer/ADC/hal_adc.c estimated size: 896

MCAL_Layer/Interrupt/mcal_interrupt_manager.c
		_InterruptManager		CODE           	0008	0000	972

MCAL_Layer/Interrupt/mcal_interrupt_manager.c estimated size: 972

MCAL_Layer/GPIO/hal_gpio.c
		_gpio_pin_write_logic		CODE           	1E00	0000	272
		_gpio_pin_read_logic		CODE           	2644	0000	164
		_gpio_pin_direction_initialize		CODE           	1CDA	0000	294
		_gpio_pin_initialize		CODE           	2A52	0000	94

MCAL_Layer/GPIO/hal_gpio.c estimated size: 824

MCAL_Layer/Timer1/hal_timr1.c
		_TMR1_ISR      		CODE           	2F44	0000	12

MCAL_Layer/Timer1/hal_timr1.c estimated size: 12

C:\Program Files\Microchip\xc8\v2.45\pic\sources\c99\common\memset.c
		_memset        		CODE           	2DEE	0000	48

C:\Program Files\Microchip\xc8\v2.45\pic\sources\c99\common\memset.c estimated size: 48

ECU_Layer/ecu_layer_init.c
		_ecu_layer_intialize		CODE           	2E4E	0000	42

ECU_Layer/ecu_layer_init.c estimated size: 42

C:\Program Files\Microchip\xc8\v2.45\pic\sources\c99\common\nf_fputc.c
		_fputc         		CODE           	259A	0000	170

C:\Program Files\Microchip\xc8\v2.45\pic\sources\c99\common\nf_fputc.c estimated size: 170

C:\Program Files\Microchip\xc8\v2.45\pic\sources\c99\common\doprnt.c
		_vfpfcnvrt     		CODE           	1822	0000	450
		_vfprintf      		CODE           	2BEA	0000	64

C:\Program Files\Microchip\xc8\v2.45\pic\sources\c99\common\doprnt.c estimated size: 514

C:\Program Files\Microchip\xc8\v2.45\pic\sources\c99\common\lwdiv.c
		___lwdiv       		CODE           	28B4	0000	116

C:\Program Files\Microchip\xc8\v2.45\pic\sources\c99\common\lwdiv.c estimated size: 116

C:\Program Files\Microchip\xc8\v2.45\pic\sources\c99\common\awdiv.c
		___awdiv       		CODE           	22C2	0000	196

C:\Program Files\Microchip\xc8\v2.45\pic\sources\c99\common\awdiv.c estimated size: 196

C:\Program Files\Microchip\xc8\v2.45\pic\sources\c99\common\fltol.c
		___fltol       		CODE           	1F10	0000	262

C:\Program Files\Microchip\xc8\v2.45\pic\sources\c99\common\fltol.c estimated size: 262

MCAL_Layer/CCP/hal_ccp.c
		_CCP1_ISR      		CODE           	2F82	0000	4
		_CCP2_ISR      		CODE           	2F7E	0000	4

MCAL_Layer/CCP/hal_ccp.c estimated size: 8

