Microchip MPLAB XC8 Compiler V2.45

Linker command line:

-W-3 \
  --edf=C:\Program Files\Microchip\xc8\v2.45\pic\dat\20230818022343_en.msgs \
  -cn -h+dist/default/production\Embedded_Applications.X.production.sym \
  --cmf=dist/default/production\Embedded_Applications.X.production.cmf -z \
  -Q18F4620 -oC:\Users\ahmed\AppData\Local\Temp\xcAsco8.\driver_tmp_3.o \
  --defsym=__MPLAB_BUILD=1 --fixupoverflow=error \
  -Mdist/default/production/Embedded_Applications.X.production.map \
  --md=C:\Users\ahmed\AppData\Local\Temp\xcAsco8.\driver_tmp_0.dat -E1 \
  -ver=XC8 Compiler --acfsm=1493 -ACODE=00h-0FFFFh -ACONST=00h-0FFFFh \
  -ASMALLCONST=01000h-010FFhx240 -AMEDIUMCONST=01000h-0FFFFh \
  -ACOMRAM=01h-07Fh -AABS1=00h-0F7Fh -ABIGRAM=01h-0F7Fh \
  -ARAM=080h-0FFh,0100h-01FFhx14,0F00h-0F7Fh -ABANK0=080h-0FFh \
  -ABANK1=0100h-01FFh -ABANK2=0200h-02FFh -ABANK3=0300h-03FFh \
  -ABANK4=0400h-04FFh -ABANK5=0500h-05FFh -ABANK6=0600h-06FFh \
  -ABANK7=0700h-07FFh -ABANK8=0800h-08FFh -ABANK9=0900h-09FFh \
  -ABANK10=0A00h-0AFFh -ABANK11=0B00h-0BFFh -ABANK12=0C00h-0CFFh \
  -ABANK13=0D00h-0DFFh -ABANK14=0E00h-0EFFh -ABANK15=0F00h-0F7Fh \
  -ASFR=0F80h-0FFFh -ABIGSFR=0F80h-0FFFh -ACONFIG=0300000h-030000Dh \
  -AIDLOC=0200000h-0200007h -AEEDATA=0F00000h-0F003FFh -peeprom_data=EEDATA \
  -preset_vec=00h,intcode=08h,intcodelo,powerup,init -pramtop=01000h \
  -psmallconst=SMALLCONST -pmediumconst=MEDIUMCONST -pconst=CONST \
  -AFARRAM=00h-00h \
  -prdata=COMRAM,nvrram=COMRAM,nvbit=COMRAM,rbss=COMRAM,rbit=COMRAM \
  -pfarbss=FARRAM,fardata=FARRAM,nvFARRAM=FARRAM \
  -pintsave_regs=BIGRAM,bigbss=BIGRAM,bigdata=BIGRAM -pbss=RAM \
  -pidata=CODE,irdata=CODE,ibigdata=CODE,ifardata=CODE -prparam=COMRAM \
  C:\Users\ahmed\AppData\Local\Temp\xcAsco8.\driver_tmp_14.o \
  dist/default/production\Embedded_Applications.X.production.o 

Object code version is 3.11

Machine type is 18F4620



                Name                               Link     Load   Length Selector   Space Scale
C:\Users\ahmed\AppData\Local\Temp\xcAsco8.\driver_tmp_14.o
                config                           300000   300000        E        0       4
                init                                  E        E        4        4       0
                reset_vec                             0        0        4        0       0
dist/default/production\Embedded_Applications.X.production.o
                intcode                               8        8        6        4       0
                config                           300000   300000        E        0       4
                temp                                 7E       7E        1        1       1
                smallconst                         1000     1000       7E      800       0
                text59                             2FEC     2FEC        4     175A       0
                text58                             2FE8     2FE8        4     175A       0
                text57                             2FE4     2FE4        4     175A       0
                text56                             2FF2     2FF2        2     175A       0
                text55                             2FE0     2FE0        4     175A       0
                text54                             2FDC     2FDC        4     175A       0
                text53                             2FD8     2FD8        4     175A       0
                text52                             2FD4     2FD4        4     175A       0
                text51                             2FD0     2FD0        4     175A       0
                text50                             2F74     2F74       1A     175A       0
                text49                             2F5A     2F5A       1A     175A       0
                text48                             2F40     2F40       1A     175A       0
                text47                             2F26     2F26       1A     175A       0
                text46                             2FB6     2FB6        C     175A       0
                text45                             2FAA     2FAA        C     175A       0
                text44                             2FC2     2FC2        8     175A       0
                text43                             2F9E     2F9E        C     175A       0
                intcode_body                       14A8     14A8      3C6      83F       0
                text41                             239E     239E       B8      83F       0
                text40                             2202     2202       D8      83F       0
                text39                             2D88     2D88       38      83F       0
                text38                             2F04     2F04       22     175A       0
                text37                             2A52     2A52       60      83F       0
                text36                             1F06     1F06      110      83F       0
                text35                             2EDE     2EDE       26     175A       0
                text34                             2B6C     2B6C       50      83F       0
                text33                             2C0A     2C0A       48      83F       0
                text32                             2B10     2B10       5C      83F       0
                text31                             26F6     26F6       98      83F       0
                text30                             278E     278E       96      83F       0
                text29                             2BBC     2BBC       4E      83F       0
                text28                             107E     107E      42A      83F       0
                text27                             2016     2016      106      83F       0
                text26                             290C     290C       74      83F       0
                text25                             1C2C     1C2C      1B4      83F       0
                text24                             2C52     2C52       46      83F       0
                text23                             2CD8     2CD8       40      83F       0
                text22                             2506     2506       AC      83F       0
                text21                             1DE0     1DE0      126      83F       0
                text20                             2AB2     2AB2       5E      83F       0
                text19                             2E58     2E58       30      83F       0
                text18                             211C     211C       E6      83F       0
                text17                             2980     2980       70      83F       0
                text16                             2EB4     2EB4       2A     175A       0
                text15                             2FCA     2FCA        6     175A       0
                text14                             2E28     2E28       30      83F       0
                text13                             22DA     22DA       C4      83F       0
                text12                             2456     2456       B0      83F       0
                text11                             2DF4     2DF4       34      83F       0
                text10                             2FF0     2FF0        2     175A       0
                text9                              25B2     25B2       AA      83F       0
                text8                              1A6A     1A6A      1C2      83F       0
                text7                              2C98     2C98       40      83F       0
                text6                              2DC0     2DC0       34      83F       0
                text5                              265C     265C       9A      83F       0
                text4                              2D50     2D50       38      83F       0
                text3                              2D18     2D18       38      83F       0
                text2                              2898     2898       74      83F       0
                text1                              2824     2824       74      83F       0
                text0                              186E     186E      1FC      83F       0
                cstackCOMRAM                          1        1       38        1       1
                cstackBANK0                          E8       E8        1       80       1
                dataBANK0                            BD       BD       2B       80       1
                bssBANK0                             80       80       3D       80       1
                dataCOMRAM                           6E       6E       10        1       1
                bssCOMRAM                            39       39       35        1       1
                cinit                              29F0     29F0       62      83F       0
                idataBANK0                         2E88     2E88       2B      83F       0
                idataCOMRAM                        2F8E     2F8E       10     175A       0

TOTAL           Name                               Link     Load   Length     Space
        CLASS   CODE           
                intcode                               8        8        6         0
                init                                  E        E        4         0
                reset_vec                             0        0        4         0
                text59                             2FEC     2FEC        4         0
                text58                             2FE8     2FE8        4         0
                text57                             2FE4     2FE4        4         0
                text56                             2FF2     2FF2        2         0
                text55                             2FE0     2FE0        4         0
                text54                             2FDC     2FDC        4         0
                text53                             2FD8     2FD8        4         0
                text52                             2FD4     2FD4        4         0
                text51                             2FD0     2FD0        4         0
                text50                             2F74     2F74       1A         0
                text49                             2F5A     2F5A       1A         0
                text48                             2F40     2F40       1A         0
                text47                             2F26     2F26       1A         0
                text46                             2FB6     2FB6        C         0
                text45                             2FAA     2FAA        C         0
                text44                             2FC2     2FC2        8         0
                text43                             2F9E     2F9E        C         0
                intcode_body                       14A8     14A8      3C6         0
                text41                             239E     239E       B8         0
                text40                             2202     2202       D8         0
                text39                             2D88     2D88       38         0
                text38                             2F04     2F04       22         0
                text37                             2A52     2A52       60         0
                text36                             1F06     1F06      110         0
                text35                             2EDE     2EDE       26         0
                text34                             2B6C     2B6C       50         0
                text33                             2C0A     2C0A       48         0
                text32                             2B10     2B10       5C         0
                text31                             26F6     26F6       98         0
                text30                             278E     278E       96         0
                text29                             2BBC     2BBC       4E         0
                text28                             107E     107E      42A         0
                text27                             2016     2016      106         0
                text26                             290C     290C       74         0
                text25                             1C2C     1C2C      1B4         0
                text24                             2C52     2C52       46         0
                text23                             2CD8     2CD8       40         0
                text22                             2506     2506       AC         0
                text21                             1DE0     1DE0      126         0
                text20                             2AB2     2AB2       5E         0
                text19                             2E58     2E58       30         0
                text18                             211C     211C       E6         0
                text17                             2980     2980       70         0
                text16                             2EB4     2EB4       2A         0
                text15                             2FCA     2FCA        6         0
                text14                             2E28     2E28       30         0
                text13                             22DA     22DA       C4         0
                text12                             2456     2456       B0         0
                text11                             2DF4     2DF4       34         0
                text10                             2FF0     2FF0        2         0
                text9                              25B2     25B2       AA         0
                text8                              1A6A     1A6A      1C2         0
                text7                              2C98     2C98       40         0
                text6                              2DC0     2DC0       34         0
                text5                              265C     265C       9A         0
                text4                              2D50     2D50       38         0
                text3                              2D18     2D18       38         0
                text2                              2898     2898       74         0
                text1                              2824     2824       74         0
                text0                              186E     186E      1FC         0
                cinit                              29F0     29F0       62         0
                idataBANK0                         2E88     2E88       2B         0
                idataCOMRAM                        2F8E     2F8E       10         0

        CLASS   CONST          

        CLASS   SMALLCONST     
                smallconst                         1000     1000       7E         0

        CLASS   MEDIUMCONST    

        CLASS   COMRAM         
                temp                                 7E       7E        1         1
                cstackCOMRAM                          1        1       38         1
                dataCOMRAM                           6E       6E       10         1
                bssCOMRAM                            39       39       35         1

        CLASS   ABS1           

        CLASS   BIGRAM         

        CLASS   RAM            

        CLASS   BANK0          
                cstackBANK0                          E8       E8        1         1
                dataBANK0                            BD       BD       2B         1
                bssBANK0                             80       80       3D         1

        CLASS   BANK1          

        CLASS   BANK2          

        CLASS   BANK3          

        CLASS   BANK4          

        CLASS   BANK5          

        CLASS   BANK6          

        CLASS   BANK7          

        CLASS   BANK8          

        CLASS   BANK9          

        CLASS   BANK10         

        CLASS   BANK11         

        CLASS   BANK12         

        CLASS   BANK13         

        CLASS   BANK14         

        CLASS   BANK15         

        CLASS   SFR            

        CLASS   BIGSFR         

        CLASS   CONFIG         
                config                           300000   300000        E         4

        CLASS   IDLOC          

        CLASS   EEDATA         

        CLASS   FARRAM         

        CLASS   HEAP           

        CLASS   STACK          



SEGMENTS        Name                           Load    Length   Top    Selector   Space  Class

                reset_vec                      000000  000004  000004         0       0  CODE    
                cstackCOMRAM                   000001  00007E  00007F         1       1  COMRAM  
                intcode                        000008  00000A  000012         4       0  CODE    
                bssBANK0                       000080  000069  0000E9        80       1  BANK0   
                smallconst                     001000  00007E  00107E       800       0  SMALLCON
                text28                         00107E  001E35  002EB3       83F       0  CODE    
                text16                         002EB4  000140  002FF4      175A       0  CODE    


UNUSED ADDRESS RANGES

        Name                Unused          Largest block    Delta
        BANK0            0000E9-0000FF               17
        BANK1            000100-0001FF              100
        BANK10           000A00-000AFF              100
        BANK11           000B00-000BFF              100
        BANK12           000C00-000CFF              100
        BANK13           000D00-000DFF              100
        BANK14           000E00-000EFF              100
        BANK15           000F00-000F7F               80
        BANK2            000200-0002FF              100
        BANK3            000300-0003FF              100
        BANK4            000400-0004FF              100
        BANK5            000500-0005FF              100
        BANK6            000600-0006FF              100
        BANK7            000700-0007FF              100
        BANK8            000800-0008FF              100
        BANK9            000900-0009FF              100
        BIGRAM           00007F-00007F                1
                         0000E9-000F7F              E97
        BIGSFR           000F80-000FFF               80
        CODE             000004-000007                4
                         000012-000FFF              FEE
                         002EB3-002EB3                1
                         002FF4-00FFFF             D00C
        COMRAM           00007F-00007F                1
        CONST            000004-000007                4
                         000012-000FFF              FEE
                         002EB3-002EB3                1
                         002FF4-00FFFF             D00C
        EEDATA           F00000-F003FF              400
        IDLOC            200000-200007                8
        MEDIUMCONST      002EB3-002EB3                1
                         002FF4-00FFFF             D00C
        RAM              0000E9-000F7F              100
        SFR              000F80-000FFF               80
        SMALLCONST       002EB3-002EB3                1
                         002FF4-00FFFF              100

                                  Symbol Table

?___awdiv                                          cstackCOMRAM 000002
?___awmod                                          cstackCOMRAM 000002
?___flmul                                          cstackCOMRAM 000010
?___fltol                                          cstackCOMRAM 000029
?___lwdiv                                          cstackCOMRAM 000002
?___xxtofl                                         cstackCOMRAM 000002
?_abs                                              cstackCOMRAM 000008
?_sprintf                                          cstackCOMRAM 00001B
?_vfprintf                                         cstackCOMRAM 000017
ADC_GetConversionResult@_adc                       cstackCOMRAM 000002
ADC_GetConversionResult@conversion_result          cstackCOMRAM 000003
ADC_GetConversionResult@ret                        cstackCOMRAM 000007
ADC_GetConversion_Blocking@_adc                    cstackCOMRAM 000009
ADC_GetConversion_Blocking@channel                 cstackCOMRAM 00000A
ADC_GetConversion_Blocking@conversion_result       cstackCOMRAM 00000B
ADC_GetConversion_Blocking@ret                     cstackCOMRAM 00000C
ADC_Init@_adc                                      cstackCOMRAM 000005
ADC_Init@ret                                       cstackCOMRAM 000007
ADC_SelectChannel@_adc                             cstackCOMRAM 000005
ADC_SelectChannel@channel                          cstackCOMRAM 000006
ADC_SelectChannel@ret                              cstackCOMRAM 000008
ADC_StartConversion@_adc                           cstackCOMRAM 000002
ADC_StartConversion@ret                            cstackCOMRAM 000003
MSSP_SPI_Msster_Mode_GPIO_PIN_Configurations@F3115 dataCOMRAM   000074
MSSP_SPI_Msster_Mode_GPIO_PIN_Configurations@F3117 dataCOMRAM   000073
MSSP_SPI_Msster_Mode_GPIO_PIN_Configurations@F3119 dataCOMRAM   000072
MSSP_SPI_Slave_Mode_GPIO_PIN_Configurations@F3124  dataCOMRAM   000071
MSSP_SPI_Slave_Mode_GPIO_PIN_Configurations@F3126  dataCOMRAM   000070
MSSP_SPI_Slave_Mode_GPIO_PIN_Configurations@F3128  dataCOMRAM   00006F
MSSP_SPI_Slave_Mode_GPIO_PIN_Configurations@F3130  dataCOMRAM   00006E
RB4_ISR@RB4_Source                                 cstackCOMRAM 000001
RB5_ISR@RB5_Source                                 cstackCOMRAM 000001
RB6_ISR@RB6_Source                                 cstackCOMRAM 000001
RB7_ISR@RB7_Source                                 cstackCOMRAM 000001
_ADCON0bits                                        (abs)        000FC2
_ADCON1bits                                        (abs)        000FC1
_ADCON2bits                                        (abs)        000FC0
_ADC_GetConversionResult                           text41       00239E
_ADC_GetConversion_Blocking                        text37       002A52
_ADC_ISR                                           text59       002FEC
_ADC_Init                                          text22       002506
_ADC_InterruptHandler                              bssCOMRAM    000061
_ADC_SelectChannel                                 text39       002D88
_ADC_StartConversion                               text38       002F04
_ADRESH                                            (abs)        000FC4
_ADRESL                                            (abs)        000FC3
_Air_Conditioning_On                               text29       002BBC
_BAUDCONbits                                       (abs)        000FB8
_CCP1CONbits                                       (abs)        000FBD
_CCP1_ISR                                          text58       002FE8
_CCP1_InterruptHandler                             bssCOMRAM    00005F
_CCP2CONbits                                       (abs)        000FBA
_CCP2_ISR                                          text57       002FE4
_CCP2_InterruptHandler                             bssCOMRAM    00005D
_CCPR1L                                            (abs)        000FBE
_CCPR2L                                            (abs)        000FBB
_EUSART_FramingErrorHandler                        bssBANK0     0000AC
_EUSART_OverrunErrorHandler                        bssBANK0     0000AA
_EUSART_RX_ISR                                     text56       002FF2
_EUSART_RxInterruptHandler                         bssBANK0     0000AE
_EUSART_TX_ISR                                     text55       002FE0
_EUSART_TxInterruptHandler                         bssBANK0     0000B0
_INT0_ISR                                          text54       002FDC
_INT0_InterruptHandler                             bssCOMRAM    00005B
_INT1_ISR                                          text53       002FD8
_INT1_InterruptHandler                             bssCOMRAM    000059
_INT2_ISR                                          text52       002FD4
_INT2_InterruptHandler                             bssCOMRAM    000057
_INTCON2bits                                       (abs)        000FF1
_INTCON3bits                                       (abs)        000FF0
_INTCONbits                                        (abs)        000FF2
_InterruptManager                                  intcode      000008
_LATA                                              (abs)        000F89
_LATB                                              (abs)        000F8A
_LATC                                              (abs)        000F8B
_LATD                                              (abs)        000F8C
_LATE                                              (abs)        000F8D
_MSSP_SPI_ISR                                      text51       002FD0
_PIE1bits                                          (abs)        000F9D
_PIE2bits                                          (abs)        000FA0
_PIR1bits                                          (abs)        000F9E
_PIR2bits                                          (abs)        000FA1
_PORTA                                             (abs)        000F80
_PORTB                                             (abs)        000F81
_PORTBbits                                         (abs)        000F81
_PORTC                                             (abs)        000F82
_PORTD                                             (abs)        000F83
_PORTE                                             (abs)        000F84
_PR2                                               (abs)        000FCB
_RB4_Flag                                          dataCOMRAM   000078
_RB4_ISR                                           text50       002F74
_RB4_InterruptHandler_HIGH                         bssCOMRAM    000055
_RB4_InterruptHandler_LOW                          bssCOMRAM    000053
_RB5_Flag                                          dataCOMRAM   000077
_RB5_ISR                                           text49       002F5A
_RB5_InterruptHandler_HIGH                         bssCOMRAM    000051
_RB5_InterruptHandler_LOW                          bssCOMRAM    00004F
_RB6_Flag                                          dataCOMRAM   000076
_RB6_ISR                                           text48       002F40
_RB6_InterruptHandler_HIGH                         bssCOMRAM    00004D
_RB6_InterruptHandler_LOW                          bssCOMRAM    00004B
_RB7_Flag                                          dataCOMRAM   000075
_RB7_ISR                                           text47       002F26
_RB7_InterruptHandler_HIGH                         bssCOMRAM    000049
_RB7_InterruptHandler_LOW                          bssCOMRAM    000047
_RCREG                                             (abs)        000FAE
_RCSTAbits                                         (abs)        000FAB
_SPBRG                                             (abs)        000FAF
_SPBRGH                                            (abs)        000FB0
_SPI_InterruptHandler                              bssCOMRAM    000045
_SSPBUF                                            (abs)        000FC9
_SSPCON1bits                                       (abs)        000FC6
_SSPSTATbits                                       (abs)        000FC7
_T0CONbits                                         (abs)        000FD5
_T1CONbits                                         (abs)        000FCD
_T2CONbits                                         (abs)        000FCA
_T3CONbits                                         (abs)        000FB1
_TMR0H                                             (abs)        000FD7
_TMR0L                                             (abs)        000FD6
_TMR0_ISR                                          text46       002FB6
_TMR0_InterruptHandler                             bssCOMRAM    000043
_TMR1H                                             (abs)        000FCF
_TMR1L                                             (abs)        000FCE
_TMR1_ISR                                          text45       002FAA
_TMR1_InterruptHandler                             bssCOMRAM    00003F
_TMR2                                              (abs)        000FCC
_TMR2_ISR                                          text44       002FC2
_TMR2_InterruptHandler                             bssBANK0     0000B4
_TMR3H                                             (abs)        000FB3
_TMR3L                                             (abs)        000FB2
_TMR3_ISR                                          text43       002F9E
_TMR3_InterruptHandler                             bssBANK0     0000B2
_TRISA                                             (abs)        000F92
_TRISB                                             (abs)        000F93
_TRISC                                             (abs)        000F94
_TRISCbits                                         (abs)        000F94
_TRISD                                             (abs)        000F95
_TRISE                                             (abs)        000F96
_TXREG                                             (abs)        000FAD
_TXSTAbits                                         (abs)        000FAC
__HRAM                                             (abs)        000000
__H__absolute__                                    __absolute__ 000000
__Habs1                                            abs1         000000
__Hbank0                                           bank0        000000
__Hbank1                                           bank1        000000
__Hbank10                                          bank10       000000
__Hbank11                                          bank11       000000
__Hbank12                                          bank12       000000
__Hbank13                                          bank13       000000
__Hbank14                                          bank14       000000
__Hbank15                                          bank15       000000
__Hbank2                                           bank2        000000
__Hbank3                                           bank3        000000
__Hbank4                                           bank4        000000
__Hbank5                                           bank5        000000
__Hbank6                                           bank6        000000
__Hbank7                                           bank7        000000
__Hbank8                                           bank8        000000
__Hbank9                                           bank9        000000
__Hbigbss                                          bigbss       000000
__Hbigdata                                         bigdata      000000
__Hbigram                                          bigram       000000
__Hbigsfr                                          bigsfr       000000
__Hbss                                             bss          000000
__HbssBANK0                                        bssBANK0     000000
__HbssCOMRAM                                       bssCOMRAM    000000
__Hcinit                                           cinit        000000
__Hclrtext                                         clrtext      000000
__Hcomram                                          comram       000000
__Hconfig                                          config       30000E
__Hconst                                           const        000000
__HcstackBANK0                                     cstackBANK0  000000
__HcstackCOMRAM                                    cstackCOMRAM 000000
__Hdata                                            data         000000
__HdataBANK0                                       dataBANK0    000000
__HdataCOMRAM                                      dataCOMRAM   000000
__Heeprom_data                                     eeprom_data  000000
__Hfarbss                                          farbss       000000
__Hfardata                                         fardata      000000
__Hheap                                            heap         000000
__Hibigdata                                        ibigdata     000000
__Hidata                                           idata        000000
__HidataBANK0                                      idataBANK0   000000
__HidataCOMRAM                                     idataCOMRAM  000000
__Hidloc                                           idloc        000000
__Hifardata                                        ifardata     000000
__Hinit                                            init         000012
__Hintcode                                         intcode      00000E
__Hintcode_body                                    intcode_body 000000
__Hintcodelo                                       intcodelo    00000E
__Hintentry                                        intentry     000000
__Hintret                                          intret       000000
__Hintsave_regs                                    intsave_regs 000000
__Hirdata                                          irdata       000000
__Hmediumconst                                     mediumconst  000000
__HnvFARRAM                                        nvFARRAM     000000
__Hnvbit                                           nvbit        000000
__Hnvrram                                          nvrram       000000
__Hparam                                           rparam       000000
__Hpowerup                                         powerup      00000E
__Hram                                             ram          000000
__Hramtop                                          ramtop       001000
__Hrbit                                            rbit         000000
__Hrbss                                            rbss         000000
__Hrdata                                           rdata        000000
__Hreset_vec                                       reset_vec    000004
__Hrparam                                          rparam       000000
__Hsfr                                             sfr          000000
__Hsmallconst                                      smallconst   00107E
__Hspace_0                                         (abs)        002FF4
__Hspace_1                                         (abs)        0000E9
__Hspace_2                                         (abs)        000000
__Hspace_4                                         (abs)        60000E
__Hstack                                           stack        000000
__Hstruct                                          struct       000000
__Htemp                                            temp         00007F
__Htext                                            text         000000
__Htext0                                           text0        000000
__Htext1                                           text1        000000
__Htext10                                          text10       000000
__Htext11                                          text11       000000
__Htext12                                          text12       000000
__Htext13                                          text13       000000
__Htext14                                          text14       000000
__Htext15                                          text15       000000
__Htext16                                          text16       000000
__Htext17                                          text17       000000
__Htext18                                          text18       000000
__Htext19                                          text19       000000
__Htext2                                           text2        000000
__Htext20                                          text20       000000
__Htext21                                          text21       000000
__Htext22                                          text22       000000
__Htext23                                          text23       000000
__Htext24                                          text24       000000
__Htext25                                          text25       000000
__Htext26                                          text26       000000
__Htext27                                          text27       000000
__Htext28                                          text28       000000
__Htext29                                          text29       000000
__Htext3                                           text3        000000
__Htext30                                          text30       000000
__Htext31                                          text31       000000
__Htext32                                          text32       000000
__Htext33                                          text33       000000
__Htext34                                          text34       000000
__Htext35                                          text35       000000
__Htext36                                          text36       000000
__Htext37                                          text37       000000
__Htext38                                          text38       000000
__Htext39                                          text39       000000
__Htext4                                           text4        000000
__Htext40                                          text40       000000
__Htext41                                          text41       000000
__Htext43                                          text43       000000
__Htext44                                          text44       000000
__Htext45                                          text45       000000
__Htext46                                          text46       000000
__Htext47                                          text47       000000
__Htext48                                          text48       000000
__Htext49                                          text49       000000
__Htext5                                           text5        000000
__Htext50                                          text50       000000
__Htext51                                          text51       000000
__Htext52                                          text52       000000
__Htext53                                          text53       000000
__Htext54                                          text54       000000
__Htext55                                          text55       000000
__Htext56                                          text56       000000
__Htext57                                          text57       000000
__Htext58                                          text58       000000
__Htext59                                          text59       000000
__Htext6                                           text6        000000
__Htext7                                           text7        000000
__Htext8                                           text8        000000
__Htext9                                           text9        000000
__LRAM                                             (abs)        000001
__L__absolute__                                    __absolute__ 000000
__Labs1                                            abs1         000000
__Lbank0                                           bank0        000000
__Lbank1                                           bank1        000000
__Lbank10                                          bank10       000000
__Lbank11                                          bank11       000000
__Lbank12                                          bank12       000000
__Lbank13                                          bank13       000000
__Lbank14                                          bank14       000000
__Lbank15                                          bank15       000000
__Lbank2                                           bank2        000000
__Lbank3                                           bank3        000000
__Lbank4                                           bank4        000000
__Lbank5                                           bank5        000000
__Lbank6                                           bank6        000000
__Lbank7                                           bank7        000000
__Lbank8                                           bank8        000000
__Lbank9                                           bank9        000000
__Lbigbss                                          bigbss       000000
__Lbigdata                                         bigdata      000000
__Lbigram                                          bigram       000000
__Lbigsfr                                          bigsfr       000000
__Lbss                                             bss          000000
__LbssBANK0                                        bssBANK0     000000
__LbssCOMRAM                                       bssCOMRAM    000000
__Lcinit                                           cinit        000000
__Lclrtext                                         clrtext      000000
__Lcomram                                          comram       000000
__Lconfig                                          config       000000
__Lconst                                           const        000000
__LcstackBANK0                                     cstackBANK0  000000
__LcstackCOMRAM                                    cstackCOMRAM 000000
__Ldata                                            data         000000
__LdataBANK0                                       dataBANK0    000000
__LdataCOMRAM                                      dataCOMRAM   000000
__Leeprom_data                                     eeprom_data  000000
__Lfarbss                                          farbss       000000
__Lfardata                                         fardata      000000
__Lheap                                            heap         000000
__Libigdata                                        ibigdata     000000
__Lidata                                           idata        000000
__LidataBANK0                                      idataBANK0   000000
__LidataCOMRAM                                     idataCOMRAM  000000
__Lidloc                                           idloc        000000
__Lifardata                                        ifardata     000000
__Linit                                            init         00000E
__Lintcode                                         intcode      000008
__Lintcode_body                                    intcode_body 000000
__Lintcodelo                                       intcodelo    00000E
__Lintentry                                        intentry     000000
__Lintret                                          intret       000000
__Lintsave_regs                                    intsave_regs 000000
__Lirdata                                          irdata       000000
__Lmediumconst                                     mediumconst  000000
__LnvFARRAM                                        nvFARRAM     000000
__Lnvbit                                           nvbit        000000
__Lnvrram                                          nvrram       000000
__Lparam                                           rparam       000000
__Lpowerup                                         powerup      00000E
__Lram                                             ram          000000
__Lramtop                                          ramtop       001000
__Lrbit                                            rbit         000000
__Lrbss                                            rbss         000000
__Lrdata                                           rdata        000000
__Lreset_vec                                       reset_vec    000000
__Lrparam                                          rparam       000000
__Lsfr                                             sfr          000000
__Lsmallconst                                      smallconst   001000
__Lspace_0                                         (abs)        000000
__Lspace_1                                         (abs)        000000
__Lspace_2                                         (abs)        000000
__Lspace_4                                         (abs)        000000
__Lstack                                           stack        000000
__Lstruct                                          struct       000000
__Ltemp                                            temp         00007E
__Ltext                                            text         000000
__Ltext0                                           text0        000000
__Ltext1                                           text1        000000
__Ltext10                                          text10       000000
__Ltext11                                          text11       000000
__Ltext12                                          text12       000000
__Ltext13                                          text13       000000
__Ltext14                                          text14       000000
__Ltext15                                          text15       000000
__Ltext16                                          text16       000000
__Ltext17                                          text17       000000
__Ltext18                                          text18       000000
__Ltext19                                          text19       000000
__Ltext2                                           text2        000000
__Ltext20                                          text20       000000
__Ltext21                                          text21       000000
__Ltext22                                          text22       000000
__Ltext23                                          text23       000000
__Ltext24                                          text24       000000
__Ltext25                                          text25       000000
__Ltext26                                          text26       000000
__Ltext27                                          text27       000000
__Ltext28                                          text28       000000
__Ltext29                                          text29       000000
__Ltext3                                           text3        000000
__Ltext30                                          text30       000000
__Ltext31                                          text31       000000
__Ltext32                                          text32       000000
__Ltext33                                          text33       000000
__Ltext34                                          text34       000000
__Ltext35                                          text35       000000
__Ltext36                                          text36       000000
__Ltext37                                          text37       000000
__Ltext38                                          text38       000000
__Ltext39                                          text39       000000
__Ltext4                                           text4        000000
__Ltext40                                          text40       000000
__Ltext41                                          text41       000000
__Ltext43                                          text43       000000
__Ltext44                                          text44       000000
__Ltext45                                          text45       000000
__Ltext46                                          text46       000000
__Ltext47                                          text47       000000
__Ltext48                                          text48       000000
__Ltext49                                          text49       000000
__Ltext5                                           text5        000000
__Ltext50                                          text50       000000
__Ltext51                                          text51       000000
__Ltext52                                          text52       000000
__Ltext53                                          text53       000000
__Ltext54                                          text54       000000
__Ltext55                                          text55       000000
__Ltext56                                          text56       000000
__Ltext57                                          text57       000000
__Ltext58                                          text58       000000
__Ltext59                                          text59       000000
__Ltext6                                           text6        000000
__Ltext7                                           text7        000000
__Ltext8                                           text8        000000
__Ltext9                                           text9        000000
__S0                                               (abs)        002FF4
__S1                                               (abs)        0000E9
__S4                                               (abs)        000000
__S5                                               (abs)        000000
___awdiv                                           text13       0022DA
___awdiv@counter                                   cstackCOMRAM 000006
___awdiv@dividend                                  cstackCOMRAM 000002
___awdiv@divisor                                   cstackCOMRAM 000004
___awdiv@quotient                                  cstackCOMRAM 000008
___awdiv@sign                                      cstackCOMRAM 000007
___awmod                                           text12       002456
___awmod@counter                                   cstackCOMRAM 000006
___awmod@dividend                                  cstackCOMRAM 000002
___awmod@divisor                                   cstackCOMRAM 000004
___awmod@sign                                      cstackCOMRAM 000007
___flmul                                           text28       00107E
___flmul@a                                         cstackCOMRAM 000014
___flmul@aexp                                      cstackCOMRAM 00001D
___flmul@b                                         cstackCOMRAM 000010
___flmul@bexp                                      cstackCOMRAM 000022
___flmul@grs                                       cstackCOMRAM 00001E
___flmul@prod                                      cstackCOMRAM 000023
___flmul@sign                                      cstackCOMRAM 00001C
___flmul@temp                                      cstackCOMRAM 000027
___fltol                                           text27       002016
___fltol@exp1                                      cstackCOMRAM 000032
___fltol@f1                                        cstackCOMRAM 000029
___fltol@sign1                                     cstackCOMRAM 000031
___heap_hi                                         (abs)        000000
___heap_lo                                         (abs)        000000
___inthi_sp                                        stack        000000
___inthi_stack_hi                                  stack        000000
___inthi_stack_lo                                  stack        000000
___intlo_sp                                        stack        000000
___intlo_stack_hi                                  stack        000000
___intlo_stack_lo                                  stack        000000
___lwdiv                                           text26       00290C
___lwdiv@counter                                   cstackCOMRAM 000006
___lwdiv@dividend                                  cstackCOMRAM 000002
___lwdiv@divisor                                   cstackCOMRAM 000004
___lwdiv@quotient                                  cstackCOMRAM 000007
___param_bank                                      (abs)        000000
___rparam_used                                     (abs)        000001
___sp                                              stack        000000
___stack_hi                                        stack        000000
___stack_lo                                        stack        000000
___xxtofl                                          text25       001C2C
___xxtofl@arg                                      cstackCOMRAM 00000C
___xxtofl@exp                                      cstackCOMRAM 00000B
___xxtofl@sign                                     cstackCOMRAM 00000A
___xxtofl@val                                      cstackCOMRAM 000002
__accesstop                                        (abs)        000080
__activetblptr                                     (abs)        000003
__end_of_ADC_GetConversionResult                   text41       002456
__end_of_ADC_GetConversion_Blocking                text37       002AB2
__end_of_ADC_ISR                                   text59       002FF0
__end_of_ADC_Init                                  text22       0025B2
__end_of_ADC_SelectChannel                         text39       002DC0
__end_of_ADC_StartConversion                       text38       002F26
__end_of_Air_Conditioning_On                       text29       002C0A
__end_of_CCP1_ISR                                  text58       002FEC
__end_of_CCP2_ISR                                  text57       002FE8
__end_of_EUSART_RX_ISR                             text56       002FF4
__end_of_EUSART_TX_ISR                             text55       002FE4
__end_of_INT0_ISR                                  text54       002FE0
__end_of_INT1_ISR                                  text53       002FDC
__end_of_INT2_ISR                                  text52       002FD8
__end_of_InterruptManager                          intcode_body 00186E
__end_of_MSSP_SPI_ISR                              text51       002FD4
__end_of_RB4_ISR                                   text50       002F8E
__end_of_RB5_ISR                                   text49       002F74
__end_of_RB6_ISR                                   text48       002F5A
__end_of_RB7_ISR                                   text47       002F40
__end_of_TMR0_ISR                                  text46       002FC2
__end_of_TMR1_ISR                                  text45       002FB6
__end_of_TMR2_ISR                                  text44       002FCA
__end_of_TMR3_ISR                                  text43       002FAA
__end_of___awdiv                                   text13       00239E
__end_of___awmod                                   text12       002506
__end_of___flmul                                   text28       0014A8
__end_of___fltol                                   text27       00211C
__end_of___lwdiv                                   text26       002980
__end_of___xxtofl                                  text25       001DE0
__end_of__initialization                           cinit        002A48
__end_of_abs                                       text11       002E28
__end_of_adc_input_channel_port_configure          text40       0022DA
__end_of_application_intialize                     text15       002FD0
__end_of_btn_values                                smallconst   001011
__end_of_configure_voltage_reference               text24       002C98
__end_of_convert_uint16_to_string                  text5        0026F6
__end_of_dc_motor_initialize                       text19       002E88
__end_of_dc_motor_move_right                       text4        002D88
__end_of_dc_motor_stop                             text3        002D50
__end_of_ecu_layer_intialize                       text16       002EDE
__end_of_fputc                                     text9        00265C
__end_of_gpio_pin_direction_initialize             text21       001F06
__end_of_gpio_pin_initialize                       text20       002B10
__end_of_gpio_pin_write_logic                      text36       002016
__end_of_lcd_4bit_intialize                        text18       002202
__end_of_lcd_4bit_send_char_data                   text33       002C52
__end_of_lcd_4bit_send_command                     text32       002B6C
__end_of_lcd_4bit_send_enable_signal               text35       002F04
__end_of_lcd_4bit_send_string_pos                  text30       002824
__end_of_lcd_4bit_set_cursor                       text31       00278E
__end_of_lcd_send_4bits                            text34       002BBC
__end_of_led_initialize                            text17       0029F0
__end_of_led_turn_off                              text2        00290C
__end_of_led_turn_on                               text1        002898
__end_of_main                                      text0        001A6A
__end_of_memset                                    text14       002E58
__end_of_putch                                     text10       002FF2
__end_of_select_result_format                      text23       002D18
__end_of_sprintf                                   text6        002DF4
__end_of_vfpfcnvrt                                 text8        001C2C
__end_of_vfprintf                                  text7        002CD8
__initialization                                   cinit        0029F0
__mediumconst                                      mediumconst  000000
__pbssBANK0                                        bssBANK0     000080
__pbssCOMRAM                                       bssCOMRAM    000039
__pcinit                                           cinit        0029F0
__pcstackBANK0                                     cstackBANK0  0000E8
__pcstackCOMRAM                                    cstackCOMRAM 000001
__pdataBANK0                                       dataBANK0    0000BD
__pdataCOMRAM                                      dataCOMRAM   00006E
__pidataBANK0                                      idataBANK0   002E88
__pidataCOMRAM                                     idataCOMRAM  002F8E
__pintcode                                         intcode      000008
__pintcode_body                                    intcode_body 0014A8
__psmallconst                                      smallconst   001000
__ptext0                                           text0        00186E
__ptext1                                           text1        002824
__ptext10                                          text10       002FF0
__ptext11                                          text11       002DF4
__ptext12                                          text12       002456
__ptext13                                          text13       0022DA
__ptext14                                          text14       002E28
__ptext15                                          text15       002FCA
__ptext16                                          text16       002EB4
__ptext17                                          text17       002980
__ptext18                                          text18       00211C
__ptext19                                          text19       002E58
__ptext2                                           text2        002898
__ptext20                                          text20       002AB2
__ptext21                                          text21       001DE0
__ptext22                                          text22       002506
__ptext23                                          text23       002CD8
__ptext24                                          text24       002C52
__ptext25                                          text25       001C2C
__ptext26                                          text26       00290C
__ptext27                                          text27       002016
__ptext28                                          text28       00107E
__ptext29                                          text29       002BBC
__ptext3                                           text3        002D18
__ptext30                                          text30       00278E
__ptext31                                          text31       0026F6
__ptext32                                          text32       002B10
__ptext33                                          text33       002C0A
__ptext34                                          text34       002B6C
__ptext35                                          text35       002EDE
__ptext36                                          text36       001F06
__ptext37                                          text37       002A52
__ptext38                                          text38       002F04
__ptext39                                          text39       002D88
__ptext4                                           text4        002D50
__ptext40                                          text40       002202
__ptext41                                          text41       00239E
__ptext43                                          text43       002F9E
__ptext44                                          text44       002FC2
__ptext45                                          text45       002FAA
__ptext46                                          text46       002FB6
__ptext47                                          text47       002F26
__ptext48                                          text48       002F40
__ptext49                                          text49       002F5A
__ptext5                                           text5        00265C
__ptext50                                          text50       002F74
__ptext51                                          text51       002FD0
__ptext52                                          text52       002FD4
__ptext53                                          text53       002FD8
__ptext54                                          text54       002FDC
__ptext55                                          text55       002FE0
__ptext56                                          text56       002FF2
__ptext57                                          text57       002FE4
__ptext58                                          text58       002FE8
__ptext59                                          text59       002FEC
__ptext6                                           text6        002DC0
__ptext7                                           text7        002C98
__ptext8                                           text8        001A6A
__ptext9                                           text9        0025B2
__ramtop                                           ramtop       001000
__smallconst                                       smallconst   001000
_abs                                               text11       002DF4
_adc_1                                             dataBANK0    0000DB
_adc_input_channel_port_configure                  text40       002202
_application_intialize                             text15       002FCA
_btn_values                                        smallconst   001001
_configure_voltage_reference                       text24       002C52
_convert_uint16_to_string                          text5        00265C
_dbuf                                              bssBANK0     000080
_dc_motor_1                                        dataCOMRAM   00007B
_dc_motor_2                                        dataCOMRAM   000079
_dc_motor_initialize                               text19       002E58
_dc_motor_move_right                               text4        002D50
_dc_motor_stop                                     text3        002D18
_ecu_layer_intialize                               text16       002EB4
_flags                                             bssCOMRAM    000063
_fputc                                             text9        0025B2
_gpio_pin_direction_initialize                     text21       001DE0
_gpio_pin_initialize                               text20       002AB2
_gpio_pin_write_logic                              text36       001F06
_lat_registers                                     dataBANK0    0000C7
_lcd_1                                             dataBANK0    0000E2
_lcd_4bit_intialize                                text18       00211C
_lcd_4bit_send_char_data                           text33       002C0A
_lcd_4bit_send_command                             text32       002B10
_lcd_4bit_send_enable_signal                       text35       002EDE
_lcd_4bit_send_string_pos                          text30       00278E
_lcd_4bit_set_cursor                               text31       0026F6
_lcd_send_4bits                                    text34       002B6C
_led1                                              dataCOMRAM   00007D
_led_initialize                                    text17       002980
_led_turn_off                                      text2        002898
_led_turn_on                                       text1        002824
_lm35_res_1                                        bssCOMRAM    00006C
_lm35_res_1_Celsius_mv                             bssCOMRAM    000039
_lm35_res_1_txt                                    bssBANK0     0000B6
_main                                              text0        00186E
_memset                                            text14       002E28
_port_registers                                    dataBANK0    0000BD
_prec                                              bssBANK0     0000A8
_putch                                             text10       002FF0
_select_result_format                              text23       002CD8
_sprintf                                           text6        002DC0
_timer0_preload                                    bssCOMRAM    000041
_timer1_preload                                    bssCOMRAM    00003D
_timer2_preload                                    bssCOMRAM    000064
_timer3_preload                                    bssCOMRAM    00003B
_tris_registers                                    dataBANK0    0000D1
_vfpfcnvrt                                         text8        001A6A
_vfprintf                                          text7        002C98
_width                                             bssBANK0     0000A6
abs@a                                              cstackCOMRAM 000008
adc_input_channel_port_configure@channel           cstackCOMRAM 000004
btemp                                              temp         00007E
configure_voltage_reference@_adc                   cstackCOMRAM 000002
convert_uint16_to_string@DataCounter               cstackCOMRAM 000036
convert_uint16_to_string@Temp_String               cstackCOMRAM 00002F
convert_uint16_to_string@ret                       cstackCOMRAM 000035
convert_uint16_to_string@str                       cstackCOMRAM 00002E
convert_uint16_to_string@value                     cstackCOMRAM 00002C
dc_motor_initialize@_dc_motor                      cstackCOMRAM 00000D
dc_motor_initialize@ret                            cstackCOMRAM 00000E
dc_motor_move_right@_dc_motor                      cstackCOMRAM 00000A
dc_motor_move_right@ret                            cstackCOMRAM 00000B
dc_motor_stop@_dc_motor                            cstackCOMRAM 00000A
dc_motor_stop@ret                                  cstackCOMRAM 00000B
end_of_initialization                              cinit        002A48
fputc@c                                            cstackCOMRAM 000002
fputc@fp                                           cstackCOMRAM 000004
gpio_pin_direction_initialize@_pin_config          cstackCOMRAM 000002
gpio_pin_direction_initialize@ret                  cstackCOMRAM 000008
gpio_pin_initialize@_pin_config                    cstackCOMRAM 00000A
gpio_pin_initialize@ret                            cstackCOMRAM 00000C
gpio_pin_write_logic@_pin_config                   cstackCOMRAM 000002
gpio_pin_write_logic@logic                         cstackCOMRAM 000003
gpio_pin_write_logic@ret                           cstackCOMRAM 000009
int$flags                                          temp         00007E
int_func                                           intcode_body 0014A8
intlevel0                                          text         000000
intlevel1                                          text         000000
intlevel2                                          text         000000
intlevel3                                          text         000000
isa$std                                            (abs)        000001
isa$xinst                                          (abs)        000000
lcd_4bit_intialize@l_data_pins_counter             cstackCOMRAM 000012
lcd_4bit_intialize@lcd                             cstackCOMRAM 000010
lcd_4bit_intialize@ret                             cstackCOMRAM 000013
lcd_4bit_send_char_data@data                       cstackCOMRAM 00000E
lcd_4bit_send_char_data@lcd                        cstackCOMRAM 00000D
lcd_4bit_send_command@command                      cstackCOMRAM 00000E
lcd_4bit_send_command@lcd                          cstackCOMRAM 00000D
lcd_4bit_send_command@ret                          cstackCOMRAM 00000F
lcd_4bit_send_enable_signal@lcd                    cstackCOMRAM 00000A
lcd_4bit_send_enable_signal@ret                    cstackCOMRAM 00000B
lcd_4bit_send_string_pos@column                    cstackCOMRAM 000018
lcd_4bit_send_string_pos@lcd                       cstackCOMRAM 000016
lcd_4bit_send_string_pos@ret                       cstackCOMRAM 00001B
lcd_4bit_send_string_pos@row                       cstackCOMRAM 000017
lcd_4bit_send_string_pos@str                       cstackCOMRAM 000019
lcd_4bit_set_cursor@coulmn                         cstackCOMRAM 000012
lcd_4bit_set_cursor@lcd                            cstackCOMRAM 000010
lcd_4bit_set_cursor@ret                            cstackCOMRAM 000015
lcd_4bit_set_cursor@row                            cstackCOMRAM 000011
lcd_send_4bits@_data_command                       cstackCOMRAM 00000B
lcd_send_4bits@lcd                                 cstackCOMRAM 00000A
lcd_send_4bits@ret                                 cstackCOMRAM 00000C
led_initialize@F3117                               bssCOMRAM    00006B
led_initialize@led                                 cstackCOMRAM 000009
led_initialize@pin_obj                             cstackCOMRAM 00000C
led_initialize@ret                                 cstackCOMRAM 00000B
led_turn_off@F3127                                 bssCOMRAM    000069
led_turn_off@led                                   cstackCOMRAM 00000A
led_turn_off@pin_obj                               cstackCOMRAM 00000D
led_turn_off@ret                                   cstackCOMRAM 00000C
led_turn_on@F3122                                  bssCOMRAM    00006A
led_turn_on@led                                    cstackCOMRAM 00000A
led_turn_on@pin_obj                                cstackCOMRAM 00000D
led_turn_on@ret                                    cstackCOMRAM 00000C
led_turn_toggle@F3132                              bssCOMRAM    000068
main@ret                                           cstackBANK0  0000E8
memset@c                                           cstackCOMRAM 000003
memset@dest                                        cstackCOMRAM 000002
memset@n                                           cstackCOMRAM 000005
memset@p                                           cstackCOMRAM 000007
relay_initialize@F3057                             bssCOMRAM    000067
relay_turn_off@F3067                               bssCOMRAM    000065
relay_turn_on@F3062                                bssCOMRAM    000066
select_result_format@_adc                          cstackCOMRAM 000002
sprintf@ap                                         cstackCOMRAM 00001F
sprintf@f                                          cstackCOMRAM 000020
sprintf@fmt                                        cstackCOMRAM 00001C
sprintf@s                                          cstackCOMRAM 00001B
stackhi                                            (abs)        000000
stacklo                                            (abs)        000000
start                                              init         00000E
start_initialization                               cinit        0029F0
ttemp5                                             temp         00007F
ttemp6                                             temp         000082
ttemp7                                             temp         000086
vfpfcnvrt@ap                                       cstackCOMRAM 00000E
vfpfcnvrt@c                                        cstackCOMRAM 000016
vfpfcnvrt@convarg                                  cstackCOMRAM 000012
vfpfcnvrt@cp                                       cstackCOMRAM 000011
vfpfcnvrt@done                                     cstackCOMRAM 000010
vfpfcnvrt@fmt                                      cstackCOMRAM 00000D
vfpfcnvrt@fp                                       cstackCOMRAM 00000C
vfprintf@ap                                        cstackCOMRAM 000019
vfprintf@cfmt                                      cstackCOMRAM 00001A
vfprintf@fmt                                       cstackCOMRAM 000018
vfprintf@fp                                        cstackCOMRAM 000017
wtemp8                                             temp         00007F


MODULE INFORMATION

Module		Function		Class		Link	Load	Size
MCAL_Layer/Timer2/hal_timr2.c
		_TMR2_ISR      		CODE           	2FC2	0000	8

MCAL_Layer/Timer2/hal_timr2.c estimated size: 8

MCAL_Layer/Timer0/hal_timr0.c
		_TMR0_ISR      		CODE           	2FB6	0000	12

MCAL_Layer/Timer0/hal_timr0.c estimated size: 12

ECU_Layer/DC_Motor/ecu_dc_motor.c
		_dc_motor_stop 		CODE           	2D18	0000	56
		_dc_motor_initialize		CODE           	2E58	0000	48
		_dc_motor_move_right		CODE           	2D50	0000	56

ECU_Layer/DC_Motor/ecu_dc_motor.c estimated size: 160

app1.c
		_Air_Conditioning_On		CODE           	2BBC	0000	78
		_main          		CODE           	186E	0000	508
		_application_intialize		CODE           	2FCA	0000	6

app1.c estimated size: 592

MCAL_Layer/SPI/hal_spi.c
		_MSSP_SPI_ISR  		CODE           	2FD0	0000	4

MCAL_Layer/SPI/hal_spi.c estimated size: 4

ECU_Layer/Chr_LCD/ecu_chr_lcd.c
		_lcd_4bit_send_command		CODE           	2B10	0000	92
		_lcd_4bit_send_string_pos		CODE           	278E	0000	150
		_lcd_4bit_send_char_data		CODE           	2C0A	0000	72
		_lcd_send_4bits		CODE           	2B6C	0000	80
		_lcd_4bit_intialize		CODE           	211C	0000	230
		_convert_uint16_to_string		CODE           	265C	0000	154
		_lcd_4bit_set_cursor		CODE           	26F6	0000	152
		_lcd_4bit_send_enable_signal		CODE           	2EDE	0000	38

ECU_Layer/Chr_LCD/ecu_chr_lcd.c estimated size: 968

C:\Program Files\Microchip\xc8\v2.45\pic\sources\c99\common\sprcmul.c
		___flmul       		CODE           	107E	0000	1066

C:\Program Files\Microchip\xc8\v2.45\pic\sources\c99\common\sprcmul.c estimated size: 1066

C:\Program Files\Microchip\xc8\v2.45\pic\sources\c99\common\nf_sprintf.c
		_sprintf       		CODE           	2DC0	0000	52

C:\Program Files\Microchip\xc8\v2.45\pic\sources\c99\common\nf_sprintf.c estimated size: 52

MCAL_Layer/usart/hal_usart.c
		_EUSART_RX_ISR 		CODE           	2FF2	0000	2
		_EUSART_TX_ISR 		CODE           	2FE0	0000	4

MCAL_Layer/usart/hal_usart.c estimated size: 6

C:\Program Files\Microchip\xc8\v2.45\pic\sources\c99\common\awmod.c
		___awmod       		CODE           	2456	0000	176

C:\Program Files\Microchip\xc8\v2.45\pic\sources\c99\common\awmod.c estimated size: 176

MCAL_Layer/Timer3/hal_timr3.c
		_TMR3_ISR      		CODE           	2F9E	0000	12

MCAL_Layer/Timer3/hal_timr3.c estimated size: 12

C:\Program Files\Microchip\xc8\v2.45\pic\sources\c99\common\putch.c
		_putch         		CODE           	2FF0	0000	2

C:\Program Files\Microchip\xc8\v2.45\pic\sources\c99\common\putch.c estimated size: 2

shared
		_btn_values    		SMALLCONST     	1001	0000	16
		__initialization		CODE           	29F0	0000	88

shared estimated size: 104

C:\Program Files\Microchip\xc8\v2.45\pic\sources\c99\common\xxtofl.c
		___xxtofl      		CODE           	1C2C	0000	436

C:\Program Files\Microchip\xc8\v2.45\pic\sources\c99\common\xxtofl.c estimated size: 436

MCAL_Layer/Interrupt/mcal_external_interrupt.c
		_RB4_ISR       		CODE           	2F74	0000	26
		_RB5_ISR       		CODE           	2F5A	0000	26
		_RB6_ISR       		CODE           	2F40	0000	26
		_RB7_ISR       		CODE           	2F26	0000	26
		_INT0_ISR      		CODE           	2FDC	0000	4
		_INT1_ISR      		CODE           	2FD8	0000	4
		_INT2_ISR      		CODE           	2FD4	0000	4

MCAL_Layer/Interrupt/mcal_external_interrupt.c estimated size: 116

C:\Program Files\Microchip\xc8\v2.45\pic\sources\c99\common\abs.c
		_abs           		CODE           	2DF4	0000	52

C:\Program Files\Microchip\xc8\v2.45\pic\sources\c99\common\abs.c estimated size: 52

MCAL_Layer/ADC/hal_adc.c
		_adc_input_channel_port_configure		CODE           	2202	0000	216
		_ADC_GetConversion_Blocking		CODE           	2A52	0000	96
		_ADC_GetConversionResult		CODE           	239E	0000	184
		_configure_voltage_reference		CODE           	2C52	0000	70
		_ADC_StartConversion		CODE           	2F04	0000	34
		_ADC_ISR       		CODE           	2FEC	0000	4
		_ADC_SelectChannel		CODE           	2D88	0000	56
		_ADC_Init      		CODE           	2506	0000	172
		_select_result_format		CODE           	2CD8	0000	64

MCAL_Layer/ADC/hal_adc.c estimated size: 896

MCAL_Layer/Interrupt/mcal_interrupt_manager.c
		_InterruptManager		CODE           	0008	0000	972

MCAL_Layer/Interrupt/mcal_interrupt_manager.c estimated size: 972

MCAL_Layer/GPIO/hal_gpio.c
		_gpio_pin_write_logic		CODE           	1F06	0000	272
		_gpio_pin_direction_initialize		CODE           	1DE0	0000	294
		_gpio_pin_initialize		CODE           	2AB2	0000	94

MCAL_Layer/GPIO/hal_gpio.c estimated size: 660

ECU_Layer/LED/ecu_led.c
		_led_initialize		CODE           	2980	0000	112
		_led_turn_on   		CODE           	2824	0000	116
		_led_turn_off  		CODE           	2898	0000	116

ECU_Layer/LED/ecu_led.c estimated size: 344

MCAL_Layer/Timer1/hal_timr1.c
		_TMR1_ISR      		CODE           	2FAA	0000	12

MCAL_Layer/Timer1/hal_timr1.c estimated size: 12

C:\Program Files\Microchip\xc8\v2.45\pic\sources\c99\common\memset.c
		_memset        		CODE           	2E28	0000	48

C:\Program Files\Microchip\xc8\v2.45\pic\sources\c99\common\memset.c estimated size: 48

ECU_Layer/ecu_layer_init.c
		_ecu_layer_intialize		CODE           	2EB4	0000	42

ECU_Layer/ecu_layer_init.c estimated size: 42

C:\Program Files\Microchip\xc8\v2.45\pic\sources\c99\common\nf_fputc.c
		_fputc         		CODE           	25B2	0000	170

C:\Program Files\Microchip\xc8\v2.45\pic\sources\c99\common\nf_fputc.c estimated size: 170

C:\Program Files\Microchip\xc8\v2.45\pic\sources\c99\common\doprnt.c
		_vfpfcnvrt     		CODE           	1A6A	0000	450
		_vfprintf      		CODE           	2C98	0000	64

C:\Program Files\Microchip\xc8\v2.45\pic\sources\c99\common\doprnt.c estimated size: 514

C:\Program Files\Microchip\xc8\v2.45\pic\sources\c99\common\lwdiv.c
		___lwdiv       		CODE           	290C	0000	116

C:\Program Files\Microchip\xc8\v2.45\pic\sources\c99\common\lwdiv.c estimated size: 116

C:\Program Files\Microchip\xc8\v2.45\pic\sources\c99\common\awdiv.c
		___awdiv       		CODE           	22DA	0000	196

C:\Program Files\Microchip\xc8\v2.45\pic\sources\c99\common\awdiv.c estimated size: 196

C:\Program Files\Microchip\xc8\v2.45\pic\sources\c99\common\fltol.c
		___fltol       		CODE           	2016	0000	262

C:\Program Files\Microchip\xc8\v2.45\pic\sources\c99\common\fltol.c estimated size: 262

MCAL_Layer/CCP/hal_ccp.c
		_CCP1_ISR      		CODE           	2FE8	0000	4
		_CCP2_ISR      		CODE           	2FE4	0000	4

MCAL_Layer/CCP/hal_ccp.c estimated size: 8

